[Licensing::Module] Trying to connect to existing licensing client channel...
Built from '6000.3/staging' branch; Version is '6000.3.8f1 (1c7db571dde0) revision 1867189'; Using compiler version '194234433'; Build Type 'Release'
OS: 'Windows 11  (10.0.22631) Professional' Language: 'ru' Physical Memory: 32680 MB
[Licensing::IpcConnector] Successfully connected to: "LicenseClient-maksg" at "2026-05-11T22:30:33.5927825Z"
BatchMode: 1, IsHumanControllingUs: 0, StartBugReporterOnCrash: 0, Is64bit: 1
System  architecture: x64
Process architecture: x64
Date: 2026-05-11T22:30:33Z

COMMAND LINE ARGUMENTS:
C:\Program Files\Unity\Hub\Editor\6000.3.8f1\Editor\Unity.exe
-adb2
-batchMode
-noUpm
-name
AssetImportWorker4
-projectPath
D:/Unity_projects/GolfWHill
-logFile
Logs/AssetImportWorker4.log
-srvPort
63322
-licensingIpc
LicenseClient-maksg
-job-worker-count
7
-background-job-worker-count
8
-gc-helper-count
1
-name
AssetImport
Successfully changed project path to: D:/Unity_projects/GolfWHill
D:/Unity_projects/GolfWHill
[UnityMemory] Configuration Parameters - Can be set up in boot.config
    "memorysetup-temp-allocator-size-nav-mesh-worker=65536"
    "memorysetup-temp-allocator-size-audio-worker=65536"
    "memorysetup-temp-allocator-size-gfx=262144"
    "memorysetup-allocator-temp-initial-block-size-main=262144"
    "memorysetup-allocator-temp-initial-block-size-worker=262144"
    "memorysetup-temp-allocator-size-background-worker=32768"
    "memorysetup-temp-allocator-size-job-worker=262144"
    "memorysetup-temp-allocator-size-preload-manager=33554432"
    "memorysetup-temp-allocator-size-gi-baking-worker=262144"
    "memorysetup-temp-allocator-size-gi-baking-worker=262144"
    "memorysetup-temp-allocator-size-gi-baking-worker=262144"
    "memorysetup-temp-allocator-size-gi-baking-worker=262144"
    "memorysetup-temp-allocator-size-gi-baking-worker=262144"
    "memorysetup-bucket-allocator-granularity=16"
    "memorysetup-bucket-allocator-bucket-count=8"
    "memorysetup-bucket-allocator-block-size=33554432"
    "memorysetup-bucket-allocator-block-count=8"
    "memorysetup-main-allocator-block-size=16777216"
    "memorysetup-thread-allocator-block-size=16777216"
    "memorysetup-gfx-main-allocator-block-size=16777216"
    "memorysetup-gfx-thread-allocator-block-size=16777216"
    "memorysetup-cache-allocator-block-size=4194304"
    "memorysetup-typetree-allocator-block-size=2097152"
    "memorysetup-profiler-bucket-allocator-granularity=16"
    "memorysetup-profiler-bucket-allocator-bucket-count=8"
    "memorysetup-profiler-bucket-allocator-block-size=33554432"
    "memorysetup-profiler-bucket-allocator-block-count=8"
    "memorysetup-profiler-allocator-block-size=16777216"
    "memorysetup-profiler-editor-allocator-block-size=1048576"
    "memorysetup-temp-allocator-size-main=16777216"
    "memorysetup-job-temp-allocator-block-size=2097152"
    "memorysetup-job-temp-allocator-block-size-background=1048576"
    "memorysetup-job-temp-allocator-reduction-small-platforms=262144"
    "memorysetup-temp-allocator-size-cloud-worker=32768"
Player connection [24712]  Target information:

Player connection [24712]  * "[IP] 192.168.56.1 [Port] 0 [Flags] 2 [Guid] 3361615986 [EditorId] 3361615986 [Version] 1048832 [Id] WindowsEditor(7,DesktopSopirm) [Debug] 1 [PackageName] WindowsEditor [ProjectName] Editor" 

Player connection [24712]  * "[IP] 26.54.104.98 [Port] 0 [Flags] 2 [Guid] 3361615986 [EditorId] 3361615986 [Version] 1048832 [Id] WindowsEditor(7,DesktopSopirm) [Debug] 1 [PackageName] WindowsEditor [ProjectName] Editor" 

Player connection [24712]  * "[IP] 192.168.1.9 [Port] 0 [Flags] 2 [Guid] 3361615986 [EditorId] 3361615986 [Version] 1048832 [Id] WindowsEditor(7,DesktopSopirm) [Debug] 1 [PackageName] WindowsEditor [ProjectName] Editor" 

Player connection [24712]  * "[IP] 172.19.0.1 [Port] 0 [Flags] 2 [Guid] 3361615986 [EditorId] 3361615986 [Version] 1048832 [Id] WindowsEditor(7,DesktopSopirm) [Debug] 1 [PackageName] WindowsEditor [ProjectName] Editor" 

Player connection [24712] Host joined multi-casting on [225.0.0.222:54997]...
Player connection [24712] Host joined alternative multi-casting on [225.0.0.222:34997]...
JobSystem: Creating JobQueue using job-worker-count value 7
Input System module state changed to: Initialized.
[Physics::Module] Initialized fallback backend.
[Physics::Module] Id: 0xdecafbad
Library Redirect Path: Library/
[Physics::Module] Selected backend.
[Physics::Module] Name: PhysX
[Physics::Module] Id: 0xf2b8ea05
[Physics::Module] SDK Version: 4.1.2
[Physics::Module] Integration Version: 1.0.0
[Physics::Module] Threading Mode: Multi-Threaded
Refreshing native plugins compatible for Editor in 78.31 ms, found 3 plugins.
Preloading 0 native plugins for Editor in 0.00 ms.
Initialize engine version: 6000.3.8f1 (1c7db571dde0)
[Subsystems] Discovering subsystems at path C:/Program Files/Unity/Hub/Editor/6000.3.8f1/Editor/Data/Resources/UnitySubsystems
[Subsystems] Discovering subsystems at path D:/Unity_projects/GolfWHill/Assets
GfxDevice: creating device client; kGfxThreadingModeNonThreaded
Direct3D:
    Version:  Direct3D 11.0 [level 11.1]
    Renderer: AMD Radeon RX 9060 XT (ID=0x7590)
    Vendor:   ATI
    VRAM:     16304 MB
    Driver:   32.0.22042.14002
Initialize mono
Mono path[0] = 'C:/Program Files/Unity/Hub/Editor/6000.3.8f1/Editor/Data/Managed'
Mono path[1] = 'C:/Program Files/Unity/Hub/Editor/6000.3.8f1/Editor/Data/MonoBleedingEdge/lib/mono/unityjit-win32'
Mono config path = 'C:/Program Files/Unity/Hub/Editor/6000.3.8f1/Editor/Data/MonoBleedingEdge/etc'
Using monoOptions --debugger-agent=transport=dt_socket,embedding=1,server=y,suspend=n,address=127.0.0.1:56068
Begin MonoManager ReloadAssembly
[Licensing::Client] Handshaking with LicensingClient:
  Version:                 1.17.4+4293ba1
  Session Id:              23612f6537314b058ac7e8ed0815fc32
  Correlation Id:          b7193a6acdb905c1c4efd9f62cf41680
  External correlation Id: 4581378661602272807
  Machine Id:              YO/17/ye+/F5EPWlvlK1nSWkLrw=
[Licensing::Module] Successfully connected to LicensingClient on channel: "LicenseClient-maksg" (connect: 0.00s, validation: 0.00s, handshake: 5.40s)
[Licensing::IpcConnector] Successfully connected to: "LicenseClient-maksg-notifications" at "2026-05-11T22:30:38.9939437Z"
[Licensing::Module] Licensing Background thread has ended after 5.40s
Registering precompiled unity dll's ...
Register platform support module: C:/Program Files/Unity/Hub/Editor/6000.3.8f1/Editor/Data/PlaybackEngines/WebGLSupport/UnityEditor.WebGL.Extensions.dll
Register platform support module: C:/Program Files/Unity/Hub/Editor/6000.3.8f1/Editor/Data/PlaybackEngines/WindowsStandaloneSupport/UnityEditor.WindowsStandalone.Extensions.dll
Registered in 0.303799 seconds.
- Loaded All Assemblies, in 10.245 seconds
Native extension for WindowsStandalone target not found
Native extension for WebGL target not found
ScheduleIndexationOnStartup MainProcess:False IndexOnStartup:True
Mono: successfully reloaded assembly
- Finished resetting the current domain, in  0.358 seconds
Domain Reload Profiling: 10601ms
	BeginReloadAssembly (8088ms)
		ExecutionOrderSort (0ms)
		DisableScriptedObjects (0ms)
		BackupInstance (0ms)
		ReleaseScriptingObjects (0ms)
		CreateAndSetChildDomain (1ms)
	RebuildCommonClasses (429ms)
	RebuildNativeTypeToScriptingClass (10ms)
	initialDomainReloadingComplete (342ms)
	LoadAllAssembliesAndSetupDomain (1373ms)
		LoadAssemblies (8087ms)
		RebuildTransferFunctionScriptingTraits (0ms)
		AnalyzeDomain (1366ms)
			TypeCache.Refresh (1364ms)
				TypeCache.ScanAssembly (1072ms)
			BuildScriptInfoCaches (0ms)
			ResolveRequiredComponents (0ms)
	FinalizeReload (359ms)
		ReleaseScriptCaches (0ms)
		RebuildScriptCaches (0ms)
		SetupLoadedEditorAssemblies (316ms)
			LogAssemblyErrors (0ms)
			InitializePlatformSupportModulesInManaged (46ms)
			SetLoadedEditorAssemblies (3ms)
			BeforeProcessingInitializeOnLoad (67ms)
			ProcessInitializeOnLoadAttributes (134ms)
			ProcessInitializeOnLoadMethodAttributes (66ms)
			AfterProcessingInitializeOnLoad (0ms)
			EditorAssembliesLoaded (0ms)
		ExecutionOrderSort2 (0ms)
		AwakeInstancesAfterBackupRestoration (0ms)
========================================================================
Worker process is ready to serve import requests
Import Worker Mode flag is 0x00
Begin MonoManager ReloadAssembly
[Licensing::Client] Successfully resolved entitlement details
[Licensing::Module] License group:
  Id: 10170591166266-UnityPersXXXX
  Product: Unity Personal
  Type: Assigned
  Expiration: Unlimited
- Loaded All Assemblies, in  7.535 seconds
Refreshing native plugins compatible for Editor in 0.57 ms, found 3 plugins.
Native extension for WindowsStandalone target not found
Native extension for WebGL target not found
Package Manager log level set to [2]
[Package Manager] Failed to launch server process. Reason: Unity was launched with the -noUpm command-line argument
[Package Manager] Unable to send message (not connected to server process).
[Package Manager] Cannot connect to Unity Package Manager local server
System.Exception: Error! Visual Scripting: couldn't find visual scripting package
  at Unity.VisualScripting.PackageVersionUtility.get_version () [0x00043] in .\Library\PackageCache\com.unity.visualscripting@191c0d7e3b69\Editor\VisualScripting.Core\Utilities\PackageVersionUtility.cs:31 
  at Unity.VisualScripting.BoltCoreManifest.get_version () [0x00000] in .\Library\PackageCache\com.unity.visualscripting@191c0d7e3b69\Editor\VisualScripting.Core\Plugin\BoltCoreManifest.cs:11 
  at Unity.VisualScripting.PluginManifest.get_currentVersion () [0x00000] in .\Library\PackageCache\com.unity.visualscripting@191c0d7e3b69\Editor\VisualScripting.Core\Plugins\PluginManifest.cs:33 
  at Unity.VisualScripting.PluginManifest.get_versionMismatch () [0x00000] in .\Library\PackageCache\com.unity.visualscripting@191c0d7e3b69\Editor\VisualScripting.Core\Plugins\PluginManifest.cs:48 
  at Unity.VisualScripting.PluginContainer.Initialize () [0x00525] in .\Library\PackageCache\com.unity.visualscripting@191c0d7e3b69\Editor\VisualScripting.Core\Plugins\PluginContainer.cs:208 
  at Unity.VisualScripting.PluginContainer.InitializeOnLoad () [0x00009] in .\Library\PackageCache\com.unity.visualscripting@191c0d7e3b69\Editor\VisualScripting.Core\Plugins\PluginContainer.cs:32 
  at Unity.VisualScripting.VSUsageUtility.DoInitializeOnLoadCalls () [0x00034] in .\Library\PackageCache\com.unity.visualscripting@191c0d7e3b69\Editor\VisualScripting.Core\Utilities\VSUsageUtility.cs:76 
  at Unity.VisualScripting.VSUsageUtility.set_isVisualScriptingUsed (System.Boolean value) [0x0002c] in .\Library\PackageCache\com.unity.visualscripting@191c0d7e3b69\Editor\VisualScripting.Core\Utilities\VSUsageUtility.cs:114 
  at Unity.VisualScripting.VSUsageUtility.CheckAndSetIsVisualScriptingUsed () [0x00032] in .\Library\PackageCache\com.unity.visualscripting@191c0d7e3b69\Editor\VisualScripting.Core\Utilities\VSUsageUtility.cs:48 
  at Unity.VisualScripting.VSUsageUtility..cctor () [0x00000] in .\Library\PackageCache\com.unity.visualscripting@191c0d7e3b69\Editor\VisualScripting.Core\Utilities\VSUsageUtility.cs:22 
UnityEngine.Debug:ExtractStackTraceNoAlloc (byte*,int,string)
UnityEngine.StackTraceUtility:ExtractStackTrace ()
UnityEngine.DebugLogHandler:Internal_Log (UnityEngine.LogType,UnityEngine.LogOption,string,UnityEngine.Object)
UnityEngine.DebugLogHandler:LogFormat (UnityEngine.LogType,UnityEngine.Object,string,object[])
UnityEngine.Logger:Log (UnityEngine.LogType,object)
UnityEngine.Debug:LogError (object)
UnityEditor.EditorAssemblies:ProcessInitializeOnLoadAttributes (System.Type[])

ScheduleIndexationOnStartup MainProcess:False IndexOnStartup:True
Mono: successfully reloaded assembly
- Finished resetting the current domain, in  2.768 seconds
Domain Reload Profiling: 10300ms
	BeginReloadAssembly (162ms)
		ExecutionOrderSort (0ms)
		DisableScriptedObjects (5ms)
		BackupInstance (0ms)
		ReleaseScriptingObjects (0ms)
		CreateAndSetChildDomain (27ms)
	RebuildCommonClasses (32ms)
	RebuildNativeTypeToScriptingClass (10ms)
	initialDomainReloadingComplete (35ms)
	LoadAllAssembliesAndSetupDomain (7293ms)
		LoadAssemblies (6941ms)
		RebuildTransferFunctionScriptingTraits (0ms)
		AnalyzeDomain (444ms)
			TypeCache.Refresh (382ms)
				TypeCache.ScanAssembly (371ms)
			BuildScriptInfoCaches (52ms)
			ResolveRequiredComponents (8ms)
	FinalizeReload (2769ms)
		ReleaseScriptCaches (0ms)
		RebuildScriptCaches (0ms)
		SetupLoadedEditorAssemblies (2488ms)
			LogAssemblyErrors (0ms)
			InitializePlatformSupportModulesInManaged (2ms)
			SetLoadedEditorAssemblies (4ms)
			BeforeProcessingInitializeOnLoad (109ms)
			ProcessInitializeOnLoadAttributes (2321ms)
			ProcessInitializeOnLoadMethodAttributes (46ms)
			AfterProcessingInitializeOnLoad (6ms)
			EditorAssembliesLoaded (0ms)
		ExecutionOrderSort2 (0ms)
		AwakeInstancesAfterBackupRestoration (5ms)
Launched and connected shader compiler UnityShaderCompiler.exe after 0.01 seconds
Refreshing native plugins compatible for Editor in 0.65 ms, found 3 plugins.
Preloading 0 native plugins for Editor in 0.00 ms.
Unloading 28 Unused Serialized files (Serialized files now loaded: 0)
Unloading 6288 unused Assets / (6.3 MB). Loaded Objects now: 7109.
Memory consumption went from 152.6 MB to 146.3 MB.
Total: 18.669100 ms (FindLiveObjects: 0.579000 ms CreateObjectMapping: 0.675100 ms MarkObjects: 15.194300 ms  DeleteObjects: 2.220200 ms)

========================================================================
Received Import Request.
  Time since last request: 120799.681697 seconds.
  path: Assets/Scenes/Pract3
  artifactKey: Guid(c4d47eb2c867bf845975b7ca8606d5ba) Importer(815301076,1909f56bfc062723c751e8b465ee728b)
Start importing Assets/Scenes/Pract3 using Guid(c4d47eb2c867bf845975b7ca8606d5ba) Importer(815301076,1909f56bfc062723c751e8b465ee728b) (PreviewImporter) -> (artifact id: '11183e27767a6b1e431b71e7a9f69441') in 0.0029163 seconds
Number of updated asset objects reloaded before import = 0Number of asset objects unloaded after import = 0

========================================================================
Received Import Request.
  Time since last request: 3.530973 seconds.
  path: Assets/Scenes/Pract3.unity
  artifactKey: Guid(d7846e34b4ebf9f4e8dd9954c23788c6) Importer(815301076,1909f56bfc062723c751e8b465ee728b)
Start importing Assets/Scenes/Pract3.unity using Guid(d7846e34b4ebf9f4e8dd9954c23788c6) Importer(815301076,1909f56bfc062723c751e8b465ee728b) (PreviewImporter) -> (artifact id: '8b491d551243404e20778dfe5b895484') in 0.0005261 seconds
Number of updated asset objects reloaded before import = 0Number of asset objects unloaded after import = 0

========================================================================
Received Import Request.
  Time since last request: 0.606733 seconds.
  path: Assets/Scenes/Pract3.unity
  artifactKey: Guid(d7846e34b4ebf9f4e8dd9954c23788c6) Importer(2089858483,b0f066a214c2f5e87bad3c948f4d605d)
Start importing Assets/Scenes/Pract3.unity using Guid(d7846e34b4ebf9f4e8dd9954c23788c6) Importer(2089858483,b0f066a214c2f5e87bad3c948f4d605d) (ScriptedImporter) -> (artifact id: 'bf0fcb791aa352c37780e1997bf96e8a') in 0.0473327 seconds
Number of updated asset objects reloaded before import = 0Number of asset objects unloaded after import = 1

========================================================================
Received Import Request.
  Time since last request: 13.614257 seconds.
  path: Assets/Scenes/Pract4_part12.unity
  artifactKey: Guid(d7846e34b4ebf9f4e8dd9954c23788c6) Importer(815301076,1909f56bfc062723c751e8b465ee728b)
Start importing Assets/Scenes/Pract4_part12.unity using Guid(d7846e34b4ebf9f4e8dd9954c23788c6) Importer(815301076,1909f56bfc062723c751e8b465ee728b) (PreviewImporter) -> (artifact id: '04f3de75003a15a44c84cf1696599847') in 0.0004196 seconds
Number of updated asset objects reloaded before import = 0Number of asset objects unloaded after import = 0

========================================================================
Received Import Request.
  Time since last request: 0.947576 seconds.
  path: Assets/Scenes/Pract4_part12.unity
  artifactKey: Guid(d7846e34b4ebf9f4e8dd9954c23788c6) Importer(2089858483,b0f066a214c2f5e87bad3c948f4d605d)
Start importing Assets/Scenes/Pract4_part12.unity using Guid(d7846e34b4ebf9f4e8dd9954c23788c6) Importer(2089858483,b0f066a214c2f5e87bad3c948f4d605d) (ScriptedImporter) -> (artifact id: 'c00e69cc356458e48d6cced5331f91a6') in 0.0078379 seconds
Number of updated asset objects reloaded before import = 0Number of asset objects unloaded after import = 1

========================================================================
Received Import Request.
  Time since last request: 0.325674 seconds.
  path: Assets/Scenes/Pract4_part12 1.unity
  artifactKey: Guid(8f701660bc77865468a11d7d18112729) Importer(815301076,1909f56bfc062723c751e8b465ee728b)
Start importing Assets/Scenes/Pract4_part12 1.unity using Guid(8f701660bc77865468a11d7d18112729) Importer(815301076,1909f56bfc062723c751e8b465ee728b) (PreviewImporter) -> (artifact id: '1d7f189e0102185930d4823834b385ff') in 0.0006299 seconds
Number of updated asset objects reloaded before import = 0Number of asset objects unloaded after import = 0

========================================================================
Received Import Request.
  Time since last request: 3.161996 seconds.
  path: Assets/Scenes/Pract4_part12 1.unity
  artifactKey: Guid(8f701660bc77865468a11d7d18112729) Importer(2089858483,b0f066a214c2f5e87bad3c948f4d605d)
Start importing Assets/Scenes/Pract4_part12 1.unity using Guid(8f701660bc77865468a11d7d18112729) Importer(2089858483,b0f066a214c2f5e87bad3c948f4d605d) (ScriptedImporter) -> (artifact id: 'dc4e5da5e0f6f82cb3521a34dc6998e4') in 0.0078608 seconds
Number of updated asset objects reloaded before import = 0Number of asset objects unloaded after import = 1

========================================================================
Received Import Request.
  Time since last request: 1.845796 seconds.
  path: Assets/Scenes/Pract4_part3.unity
  artifactKey: Guid(8f701660bc77865468a11d7d18112729) Importer(815301076,1909f56bfc062723c751e8b465ee728b)
Start importing Assets/Scenes/Pract4_part3.unity using Guid(8f701660bc77865468a11d7d18112729) Importer(815301076,1909f56bfc062723c751e8b465ee728b) (PreviewImporter) -> (artifact id: '53bc28e48cd448a7cc83a646c9d66fac') in 0.0004657 seconds
Number of updated asset objects reloaded before import = 0Number of asset objects unloaded after import = 0

========================================================================
Received Import Request.
  Time since last request: 0.946993 seconds.
  path: Assets/Scenes/Pract4_part3.unity
  artifactKey: Guid(8f701660bc77865468a11d7d18112729) Importer(2089858483,b0f066a214c2f5e87bad3c948f4d605d)
Start importing Assets/Scenes/Pract4_part3.unity using Guid(8f701660bc77865468a11d7d18112729) Importer(2089858483,b0f066a214c2f5e87bad3c948f4d605d) (ScriptedImporter) -> (artifact id: 'e42a004250371fec2a42321750b7ee6b') in 0.0073045 seconds
Number of updated asset objects reloaded before import = 0Number of asset objects unloaded after import = 1

========================================================================
Received Import Request.
  Time since last request: 821.539718 seconds.
  path: Assets/GeniusCrate_Games/Hall_Set/Texture Maps/Hall_props_set/Kids_toy/Kids_room_Toys_Roughness.png
  artifactKey: Guid(4f2bed1ee3bf70948924ac9c3b0792fe) Importer(2089858483,b0f066a214c2f5e87bad3c948f4d605d)
Start importing Assets/GeniusCrate_Games/Hall_Set/Texture Maps/Hall_props_set/Kids_toy/Kids_room_Toys_Roughness.png using Guid(4f2bed1ee3bf70948924ac9c3b0792fe) Importer(2089858483,b0f066a214c2f5e87bad3c948f4d605d) (ScriptedImporter) -> (artifact id: 'bbb336e87a1fb1ffe01c5bb499968b32') in 0.0691501 seconds
Number of updated asset objects reloaded before import = 0Number of asset objects unloaded after import = 1

========================================================================
Received Import Request.
  Time since last request: 0.000017 seconds.
  path: Assets/GeniusCrate_Games/Hall_Set/Material/Hall_props_set/Hanging_Light_01_mat.mat
  artifactKey: Guid(5a3bc07d168e154438da6cda6d2eae08) Importer(2089858483,b0f066a214c2f5e87bad3c948f4d605d)
Start importing Assets/GeniusCrate_Games/Hall_Set/Material/Hall_props_set/Hanging_Light_01_mat.mat using Guid(5a3bc07d168e154438da6cda6d2eae08) Importer(2089858483,b0f066a214c2f5e87bad3c948f4d605d) (ScriptedImporter) -> (artifact id: 'fe493ac4bc1efd38b6642ed6f376fded') in 0.1162976 seconds
Number of updated asset objects reloaded before import = 0Number of asset objects unloaded after import = 8

========================================================================
Received Import Request.
  Time since last request: 0.000020 seconds.
  path: Assets/GeniusCrate_Games/Hall_Set/Material/Hall_props_set/Hall_Shofa_mat.mat
  artifactKey: Guid(8627bbe1a20820e4b957bee2ad8fd8da) Importer(2089858483,b0f066a214c2f5e87bad3c948f4d605d)
Start importing Assets/GeniusCrate_Games/Hall_Set/Material/Hall_props_set/Hall_Shofa_mat.mat using Guid(8627bbe1a20820e4b957bee2ad8fd8da) Importer(2089858483,b0f066a214c2f5e87bad3c948f4d605d) (ScriptedImporter) -> (artifact id: '98ebfe0a4fcdde905e364293a8df886d') in 0.0432674 seconds
Number of updated asset objects reloaded before import = 0Number of asset objects unloaded after import = 7

========================================================================
Received Import Request.
  Time since last request: 0.000025 seconds.
  path: Assets/GeniusCrate_Games/Hall_Set/Texture Maps/Hall_props_set/Kids_toy/Kids_room_Toys_Normal.png
  artifactKey: Guid(394292ab7efb344409afe78b625ac4e0) Importer(2089858483,b0f066a214c2f5e87bad3c948f4d605d)
Start importing Assets/GeniusCrate_Games/Hall_Set/Texture Maps/Hall_props_set/Kids_toy/Kids_room_Toys_Normal.png using Guid(394292ab7efb344409afe78b625ac4e0) Importer(2089858483,b0f066a214c2f5e87bad3c948f4d605d) (ScriptedImporter) -> (artifact id: 'ad113748a51fc88a4f50e1bc2dbd2df0') in 0.0168785 seconds
Number of updated asset objects reloaded before import = 0Number of asset objects unloaded after import = 1

========================================================================
Received Import Request.
  Time since last request: 0.000014 seconds.
  path: Assets/GeniusCrate_Games/Hall_Set/Texture Maps/Hall_props_set/Hall_Table_light/Hall_Table_Light_Emissive.png
  artifactKey: Guid(0e6838e36f774194ba30689debfb14ef) Importer(2089858483,b0f066a214c2f5e87bad3c948f4d605d)
Start importing Assets/GeniusCrate_Games/Hall_Set/Texture Maps/Hall_props_set/Hall_Table_light/Hall_Table_Light_Emissive.png using Guid(0e6838e36f774194ba30689debfb14ef) Importer(2089858483,b0f066a214c2f5e87bad3c948f4d605d) (ScriptedImporter) -> (artifact id: '3d470ba2ea27a87a5c8110bccb636931') in 0.0229005 seconds
Number of updated asset objects reloaded before import = 0Number of asset objects unloaded after import = 1

========================================================================
Received Import Request.
  Time since last request: 0.000022 seconds.
  path: Assets/GeniusCrate_Games/Hall_Set/Texture Maps/Hall_props_set/Hall_Chair_Table/Hall_Chair_Table_Metallic.png
  artifactKey: Guid(355aca3ae80a0df498ecbdc7b6114d81) Importer(2089858483,b0f066a214c2f5e87bad3c948f4d605d)
Start importing Assets/GeniusCrate_Games/Hall_Set/Texture Maps/Hall_props_set/Hall_Chair_Table/Hall_Chair_Table_Metallic.png using Guid(355aca3ae80a0df498ecbdc7b6114d81) Importer(2089858483,b0f066a214c2f5e87bad3c948f4d605d) (ScriptedImporter) -> (artifact id: 'a64d668d8adb12d5c540bb60a9588953') in 0.0229841 seconds
Number of updated asset objects reloaded before import = 0Number of asset objects unloaded after import = 1

========================================================================
Received Import Request.
  Time since last request: 0.000014 seconds.
  path: Assets/GeniusCrate_Games/Hall_Set/Texture Maps/Hall_props_set/Hall_Chair_Table/Hall_Chair_Table_Normal.png
  artifactKey: Guid(8940c764a7bca7a419a391cea810c5b1) Importer(2089858483,b0f066a214c2f5e87bad3c948f4d605d)
Start importing Assets/GeniusCrate_Games/Hall_Set/Texture Maps/Hall_props_set/Hall_Chair_Table/Hall_Chair_Table_Normal.png using Guid(8940c764a7bca7a419a391cea810c5b1) Importer(2089858483,b0f066a214c2f5e87bad3c948f4d605d) (ScriptedImporter) -> (artifact id: 'a68fc5825b6872ceeefed19843ce0df0') in 0.0213336 seconds
Number of updated asset objects reloaded before import = 0Number of asset objects unloaded after import = 1

========================================================================
Received Import Request.
  Time since last request: 0.000018 seconds.
  path: Assets/GeniusCrate_Games/Hall_Set/Prefab/Hall_props_set/Hall_Table_Light.prefab
  artifactKey: Guid(3dd3c150131f27640b1caf4756afb056) Importer(2089858483,b0f066a214c2f5e87bad3c948f4d605d)
Start importing Assets/GeniusCrate_Games/Hall_Set/Prefab/Hall_props_set/Hall_Table_Light.prefab using Guid(3dd3c150131f27640b1caf4756afb056) Importer(2089858483,b0f066a214c2f5e87bad3c948f4d605d) (ScriptedImporter) -> (artifact id: 'aac4be0766785db992db029826e7c05b') in 0.0326069 seconds
Number of updated asset objects reloaded before import = 0Number of asset objects unloaded after import = 26

========================================================================
Received Import Request.
  Time since last request: 0.000028 seconds.
  path: Assets/GeniusCrate_Games/Hall_Set/Model/Hall_props_set/Hall_table.fbx
  artifactKey: Guid(028ead0f02479f946ade9ac724017284) Importer(2089858483,b0f066a214c2f5e87bad3c948f4d605d)
Start importing Assets/GeniusCrate_Games/Hall_Set/Model/Hall_props_set/Hall_table.fbx using Guid(028ead0f02479f946ade9ac724017284) Importer(2089858483,b0f066a214c2f5e87bad3c948f4d605d) (ScriptedImporter) -> (artifact id: 'cc0e2145bd654c0f29785e74d3c85ae3') in 0.0336762 seconds
Number of updated asset objects reloaded before import = 0Number of asset objects unloaded after import = 8

========================================================================
Received Import Request.
  Time since last request: 0.000015 seconds.
  path: Assets/GeniusCrate_Games/Hall_Set/Texture Maps/Hall_props_set/Hanging_Light_01/Hanging_Light_01_Metallic.png
  artifactKey: Guid(0bbcf1fef4f21584e92c3212e1c66be1) Importer(2089858483,b0f066a214c2f5e87bad3c948f4d605d)
Start importing Assets/GeniusCrate_Games/Hall_Set/Texture Maps/Hall_props_set/Hanging_Light_01/Hanging_Light_01_Metallic.png using Guid(0bbcf1fef4f21584e92c3212e1c66be1) Importer(2089858483,b0f066a214c2f5e87bad3c948f4d605d) (ScriptedImporter) -> (artifact id: 'd58fb0bf983affadfce1928757ce7cc5') in 0.0115008 seconds
Number of updated asset objects reloaded before import = 0Number of asset objects unloaded after import = 1

========================================================================
Received Import Request.
  Time since last request: 0.000018 seconds.
  path: Assets/GeniusCrate_Games/Hall_Set/Texture Maps/Hall_props_set/Hanging_Light_01/Hanging_Light_01_BaseColor.png
  artifactKey: Guid(0c96a1f24828f6649b8a45b4dcdb9ffe) Importer(2089858483,b0f066a214c2f5e87bad3c948f4d605d)
Start importing Assets/GeniusCrate_Games/Hall_Set/Texture Maps/Hall_props_set/Hanging_Light_01/Hanging_Light_01_BaseColor.png using Guid(0c96a1f24828f6649b8a45b4dcdb9ffe) Importer(2089858483,b0f066a214c2f5e87bad3c948f4d605d) (ScriptedImporter) -> (artifact id: '113494d0cf032ca0c8c725b409a5d9b7') in 0.0113823 seconds
Number of updated asset objects reloaded before import = 0Number of asset objects unloaded after import = 1

========================================================================
Received Import Request.
  Time since last request: 0.000018 seconds.
  path: Assets/GeniusCrate_Games/Hall_Set/Prefab/Hall_props_set
  artifactKey: Guid(2a782f227f315254b91c349c55efabde) Importer(2089858483,b0f066a214c2f5e87bad3c948f4d605d)
Start importing Assets/GeniusCrate_Games/Hall_Set/Prefab/Hall_props_set using Guid(2a782f227f315254b91c349c55efabde) Importer(2089858483,b0f066a214c2f5e87bad3c948f4d605d) (ScriptedImporter) -> (artifact id: '2c514316dadf44d06fed33f785b61475') in 0.0078193 seconds
Number of updated asset objects reloaded before import = 0Number of asset objects unloaded after import = 1

========================================================================
Received Import Request.
  Time since last request: 0.000013 seconds.
  path: Assets/GeniusCrate_Games/Hall_Set/Texture Maps/Hall_props_set/Hall_Table_light/Hall_Table_Light_AO.png
  artifactKey: Guid(935fc8e8046de9641a96dce27911251a) Importer(2089858483,b0f066a214c2f5e87bad3c948f4d605d)
Start importing Assets/GeniusCrate_Games/Hall_Set/Texture Maps/Hall_props_set/Hall_Table_light/Hall_Table_Light_AO.png using Guid(935fc8e8046de9641a96dce27911251a) Importer(2089858483,b0f066a214c2f5e87bad3c948f4d605d) (ScriptedImporter) -> (artifact id: '451739d5d5036619cee681c56ba30d76') in 0.0172261 seconds
Number of updated asset objects reloaded before import = 0Number of asset objects unloaded after import = 1

========================================================================
Received Import Request.
  Time since last request: 0.000019 seconds.
  path: Assets/GeniusCrate_Games/Hall_Set/Texture Maps/Hall_props_set/Kids_room_rack/Kids_room_rack_Height.png
  artifactKey: Guid(20c78b2511da0f64fa7a13022e681ed6) Importer(2089858483,b0f066a214c2f5e87bad3c948f4d605d)
Start importing Assets/GeniusCrate_Games/Hall_Set/Texture Maps/Hall_props_set/Kids_room_rack/Kids_room_rack_Height.png using Guid(20c78b2511da0f64fa7a13022e681ed6) Importer(2089858483,b0f066a214c2f5e87bad3c948f4d605d) (ScriptedImporter) -> (artifact id: 'da2f11c0dac0baebd61b19e53d17b9d0') in 0.0114879 seconds
Number of updated asset objects reloaded before import = 0Number of asset objects unloaded after import = 1

========================================================================
Received Import Request.
  Time since last request: 0.000025 seconds.
  path: Assets/GeniusCrate_Games/Hall_Set/Model/Hall_props_set/Kids_room_Toys.fbx
  artifactKey: Guid(2527a4a53adf1664783b6a1e6d0d8503) Importer(2089858483,b0f066a214c2f5e87bad3c948f4d605d)
Start importing Assets/GeniusCrate_Games/Hall_Set/Model/Hall_props_set/Kids_room_Toys.fbx using Guid(2527a4a53adf1664783b6a1e6d0d8503) Importer(2089858483,b0f066a214c2f5e87bad3c948f4d605d) (ScriptedImporter) -> (artifact id: '37361be63c6bce3433aa9b30471efeae') in 0.0212733 seconds
Number of updated asset objects reloaded before import = 0Number of asset objects unloaded after import = 44

========================================================================
Received Import Request.
  Time since last request: 0.000015 seconds.
  path: Assets/GeniusCrate_Games/Hall_Set/Material/Hall_props_set/office_room_props_mat.mat
  artifactKey: Guid(6810bfb8c745f9e44bea88e898c48d1d) Importer(2089858483,b0f066a214c2f5e87bad3c948f4d605d)
Start importing Assets/GeniusCrate_Games/Hall_Set/Material/Hall_props_set/office_room_props_mat.mat using Guid(6810bfb8c745f9e44bea88e898c48d1d) Importer(2089858483,b0f066a214c2f5e87bad3c948f4d605d) (ScriptedImporter) -> (artifact id: '6239c94a9d16e63c9c79a047afe2067a') in 0.0373791 seconds
Number of updated asset objects reloaded before import = 0Number of asset objects unloaded after import = 7

========================================================================
Received Import Request.
  Time since last request: 0.000014 seconds.
  path: Assets/GeniusCrate_Games/Hall_Set/Prefab/Hall_props_set/Hall_shofa.prefab
  artifactKey: Guid(302076e25a418954fb6acadb8434b8f6) Importer(2089858483,b0f066a214c2f5e87bad3c948f4d605d)
Start importing Assets/GeniusCrate_Games/Hall_Set/Prefab/Hall_props_set/Hall_shofa.prefab using Guid(302076e25a418954fb6acadb8434b8f6) Importer(2089858483,b0f066a214c2f5e87bad3c948f4d605d) (ScriptedImporter) -> (artifact id: '0cc38c1f24be4d971e0bfaef416e9714') in 0.0158558 seconds
Number of updated asset objects reloaded before import = 0Number of asset objects unloaded after import = 14

========================================================================
Received Import Request.
  Time since last request: 0.000016 seconds.
  path: Assets/GeniusCrate_Games/Hall_Set/Texture Maps/Hall_props_set/office_room_props/Office_room_props_Normal.png
  artifactKey: Guid(95360d0b1564d91479b4108330040924) Importer(2089858483,b0f066a214c2f5e87bad3c948f4d605d)
Start importing Assets/GeniusCrate_Games/Hall_Set/Texture Maps/Hall_props_set/office_room_props/Office_room_props_Normal.png using Guid(95360d0b1564d91479b4108330040924) Importer(2089858483,b0f066a214c2f5e87bad3c948f4d605d) (ScriptedImporter) -> (artifact id: 'ad7df209e4f1b8339fb953fdbc30c45a') in 0.0146123 seconds
Number of updated asset objects reloaded before import = 0Number of asset objects unloaded after import = 1

========================================================================
Received Import Request.
  Time since last request: 0.000023 seconds.
  path: Assets/GeniusCrate_Games/Hall_Set/Model/Hall_props_set/Kids_room_rack.fbx
  artifactKey: Guid(563bb75e38bdd5c49aa9be45ef443fe0) Importer(2089858483,b0f066a214c2f5e87bad3c948f4d605d)
Start importing Assets/GeniusCrate_Games/Hall_Set/Model/Hall_props_set/Kids_room_rack.fbx using Guid(563bb75e38bdd5c49aa9be45ef443fe0) Importer(2089858483,b0f066a214c2f5e87bad3c948f4d605d) (ScriptedImporter) -> (artifact id: '5411d54f9f75e2a26ad9e3eb19918358') in 0.012061 seconds
Number of updated asset objects reloaded before import = 0Number of asset objects unloaded after import = 14

========================================================================
Received Import Request.
  Time since last request: 0.000022 seconds.
  path: Assets/GeniusCrate_Games/Hall_Set/Texture Maps/Hall_props_set/Hall_Table_light
  artifactKey: Guid(c61f89df6e6978649be9d8a17da547c9) Importer(2089858483,b0f066a214c2f5e87bad3c948f4d605d)
Start importing Assets/GeniusCrate_Games/Hall_Set/Texture Maps/Hall_props_set/Hall_Table_light using Guid(c61f89df6e6978649be9d8a17da547c9) Importer(2089858483,b0f066a214c2f5e87bad3c948f4d605d) (ScriptedImporter) -> (artifact id: '683536ea692b131cc559de12179a3ce5') in 0.0068458 seconds
Number of updated asset objects reloaded before import = 0Number of asset objects unloaded after import = 1

========================================================================
Received Import Request.
  Time since last request: 0.000016 seconds.
  path: Assets/GeniusCrate_Games/Hall_Set/Model/Hall_props_set/Hall_Chair.fbx
  artifactKey: Guid(fb3fbe6c8a855df4f8acbf4fa32c98b3) Importer(2089858483,b0f066a214c2f5e87bad3c948f4d605d)
Start importing Assets/GeniusCrate_Games/Hall_Set/Model/Hall_props_set/Hall_Chair.fbx using Guid(fb3fbe6c8a855df4f8acbf4fa32c98b3) Importer(2089858483,b0f066a214c2f5e87bad3c948f4d605d) (ScriptedImporter) -> (artifact id: '1d50708513d103ba21075d4d79d5a050') in 0.0111151 seconds
Number of updated asset objects reloaded before import = 0Number of asset objects unloaded after import = 8

========================================================================
Received Import Request.
  Time since last request: 0.000015 seconds.
  path: Assets/GeniusCrate_Games/Hall_Set/Texture Maps/Hall_props_set/Kids_toy/Kids_room_Toys_Metallic.png
  artifactKey: Guid(a9008f2c1c906a1479e84053e88528b5) Importer(2089858483,b0f066a214c2f5e87bad3c948f4d605d)
Start importing Assets/GeniusCrate_Games/Hall_Set/Texture Maps/Hall_props_set/Kids_toy/Kids_room_Toys_Metallic.png using Guid(a9008f2c1c906a1479e84053e88528b5) Importer(2089858483,b0f066a214c2f5e87bad3c948f4d605d) (ScriptedImporter) -> (artifact id: '53a6a9881333952f4dbc64426dfba4c9') in 0.017396 seconds
Number of updated asset objects reloaded before import = 0Number of asset objects unloaded after import = 1

========================================================================
Received Import Request.
  Time since last request: 0.000012 seconds.
  path: Assets/GeniusCrate_Games/Hall_Set/Texture Maps/Hall_props_set/Hanging_Light_01/Hanging_Light_01_Roughness.png
  artifactKey: Guid(eed3dc7e6462bae4aa06db975e682a68) Importer(2089858483,b0f066a214c2f5e87bad3c948f4d605d)
Start importing Assets/GeniusCrate_Games/Hall_Set/Texture Maps/Hall_props_set/Hanging_Light_01/Hanging_Light_01_Roughness.png using Guid(eed3dc7e6462bae4aa06db975e682a68) Importer(2089858483,b0f066a214c2f5e87bad3c948f4d605d) (ScriptedImporter) -> (artifact id: 'abaf8861a4ed0bb52e1a9ed4b04ec7d5') in 0.013195 seconds
Number of updated asset objects reloaded before import = 0Number of asset objects unloaded after import = 1

========================================================================
Received Import Request.
  Time since last request: 0.000016 seconds.
  path: Assets/GeniusCrate_Games/Hall_Set/Texture Maps/Hall_props_set/Kids_room_rack/Kids_room_rack_Roughness.png
  artifactKey: Guid(e21d497fff351654482e12e60aa391b1) Importer(2089858483,b0f066a214c2f5e87bad3c948f4d605d)
Start importing Assets/GeniusCrate_Games/Hall_Set/Texture Maps/Hall_props_set/Kids_room_rack/Kids_room_rack_Roughness.png using Guid(e21d497fff351654482e12e60aa391b1) Importer(2089858483,b0f066a214c2f5e87bad3c948f4d605d) (ScriptedImporter) -> (artifact id: 'd2d4f60184c498fe64cfd709f1b991f4') in 0.0125878 seconds
Number of updated asset objects reloaded before import = 0Number of asset objects unloaded after import = 1

========================================================================
Received Import Request.
  Time since last request: 0.000015 seconds.
  path: Assets/GeniusCrate_Games/Hall_Set/Material/Hall_props_set/Kids_toy_mat.mat
  artifactKey: Guid(67014d1046bee9f4f8450ecbbebf8ead) Importer(2089858483,b0f066a214c2f5e87bad3c948f4d605d)
Start importing Assets/GeniusCrate_Games/Hall_Set/Material/Hall_props_set/Kids_toy_mat.mat using Guid(67014d1046bee9f4f8450ecbbebf8ead) Importer(2089858483,b0f066a214c2f5e87bad3c948f4d605d) (ScriptedImporter) -> (artifact id: '4d206e91c57d264c5e34c24b145fb98a') in 0.0280743 seconds
Number of updated asset objects reloaded before import = 0Number of asset objects unloaded after import = 8

========================================================================
Received Import Request.
  Time since last request: 0.000025 seconds.
  path: Assets/GeniusCrate_Games/Hall_Set/Texture Maps/Hall_props_set/Hall_Chair_Table/Hall_Chair_Table_Height.png
  artifactKey: Guid(3ebdcdaf54813904fab0f754c08df514) Importer(2089858483,b0f066a214c2f5e87bad3c948f4d605d)
Start importing Assets/GeniusCrate_Games/Hall_Set/Texture Maps/Hall_props_set/Hall_Chair_Table/Hall_Chair_Table_Height.png using Guid(3ebdcdaf54813904fab0f754c08df514) Importer(2089858483,b0f066a214c2f5e87bad3c948f4d605d) (ScriptedImporter) -> (artifact id: '48b59cd9f5af3fa3de533118ad69822c') in 0.0160954 seconds
Number of updated asset objects reloaded before import = 0Number of asset objects unloaded after import = 1

========================================================================
Received Import Request.
  Time since last request: 0.000013 seconds.
  path: Assets/GeniusCrate_Games/Hall_Set/Texture Maps/Hall_props_set/Hanging_Light_01/Hanging_Light_01_Emissive.png
  artifactKey: Guid(2c5ae2ac17755b846b2bfcf0947a20c6) Importer(2089858483,b0f066a214c2f5e87bad3c948f4d605d)
Start importing Assets/GeniusCrate_Games/Hall_Set/Texture Maps/Hall_props_set/Hanging_Light_01/Hanging_Light_01_Emissive.png using Guid(2c5ae2ac17755b846b2bfcf0947a20c6) Importer(2089858483,b0f066a214c2f5e87bad3c948f4d605d) (ScriptedImporter) -> (artifact id: 'c8550588aadfe6bedc22d231461ff0c8') in 0.0133161 seconds
Number of updated asset objects reloaded before import = 0Number of asset objects unloaded after import = 1

========================================================================
Received Import Request.
  Time since last request: 0.000016 seconds.
  path: Assets/GeniusCrate_Games/Hall_Set/Texture Maps/Hall_props_set/Kids_room_rack/Kids_room_rack_AO.png
  artifactKey: Guid(e1363d229434a024780ee04f842b2a46) Importer(2089858483,b0f066a214c2f5e87bad3c948f4d605d)
Start importing Assets/GeniusCrate_Games/Hall_Set/Texture Maps/Hall_props_set/Kids_room_rack/Kids_room_rack_AO.png using Guid(e1363d229434a024780ee04f842b2a46) Importer(2089858483,b0f066a214c2f5e87bad3c948f4d605d) (ScriptedImporter) -> (artifact id: 'f84acfc6ae4fa6581193369fd42beea8') in 0.0137309 seconds
Number of updated asset objects reloaded before import = 0Number of asset objects unloaded after import = 1

========================================================================
Received Import Request.
  Time since last request: 0.000018 seconds.
  path: Assets/GeniusCrate_Games/Hall_Set/Texture Maps/Hall_props_set/Kids_room_rack/Kids_room_rack_Normal.png
  artifactKey: Guid(8ef3fea3bf59d3649970f9d128524574) Importer(2089858483,b0f066a214c2f5e87bad3c948f4d605d)
Start importing Assets/GeniusCrate_Games/Hall_Set/Texture Maps/Hall_props_set/Kids_room_rack/Kids_room_rack_Normal.png using Guid(8ef3fea3bf59d3649970f9d128524574) Importer(2089858483,b0f066a214c2f5e87bad3c948f4d605d) (ScriptedImporter) -> (artifact id: 'b67c11b1eb50c38e3cea17660d4d5e74') in 0.0144684 seconds
Number of updated asset objects reloaded before import = 0Number of asset objects unloaded after import = 1

========================================================================
Received Import Request.
  Time since last request: 0.000012 seconds.
  path: Assets/GeniusCrate_Games/Hall_Set/Prefab/Hall_props_set/Kids_room_Toys.prefab
  artifactKey: Guid(95396c4c97eebdf42bbd53eb25bac908) Importer(2089858483,b0f066a214c2f5e87bad3c948f4d605d)
Start importing Assets/GeniusCrate_Games/Hall_Set/Prefab/Hall_props_set/Kids_room_Toys.prefab using Guid(95396c4c97eebdf42bbd53eb25bac908) Importer(2089858483,b0f066a214c2f5e87bad3c948f4d605d) (ScriptedImporter) -> (artifact id: '3d8e628f3aa4c4b42174fa0752359640') in 0.0162811 seconds
Number of updated asset objects reloaded before import = 0Number of asset objects unloaded after import = 80

========================================================================
Received Import Request.
  Time since last request: 0.000017 seconds.
  path: Assets/GeniusCrate_Games/Hall_Set/Model
  artifactKey: Guid(f1f2f2568a45bde48a9d2406583098f6) Importer(2089858483,b0f066a214c2f5e87bad3c948f4d605d)
Start importing Assets/GeniusCrate_Games/Hall_Set/Model using Guid(f1f2f2568a45bde48a9d2406583098f6) Importer(2089858483,b0f066a214c2f5e87bad3c948f4d605d) (ScriptedImporter) -> (artifact id: 'c98cddcd3f734971cb4251e8f9137a7b') in 0.0061037 seconds
Number of updated asset objects reloaded before import = 0Number of asset objects unloaded after import = 1

========================================================================
Received Import Request.
  Time since last request: 0.000019 seconds.
  path: Assets/GeniusCrate_Games/Hall_Set/Texture Maps/Hall_props_set/office_room_props
  artifactKey: Guid(905303cec3c1cd043b014b47a2e3e534) Importer(2089858483,b0f066a214c2f5e87bad3c948f4d605d)
Start importing Assets/GeniusCrate_Games/Hall_Set/Texture Maps/Hall_props_set/office_room_props using Guid(905303cec3c1cd043b014b47a2e3e534) Importer(2089858483,b0f066a214c2f5e87bad3c948f4d605d) (ScriptedImporter) -> (artifact id: '650eac2b1ee5f337a3ade100d3c42b9c') in 0.0069073 seconds
Number of updated asset objects reloaded before import = 0Number of asset objects unloaded after import = 1

========================================================================
Received Import Request.
  Time since last request: 0.000015 seconds.
  path: Assets/GeniusCrate_Games/Hall_Set/Prefab
  artifactKey: Guid(2d3aadefe4425b24094d5c377825785a) Importer(2089858483,b0f066a214c2f5e87bad3c948f4d605d)
Start importing Assets/GeniusCrate_Games/Hall_Set/Prefab using Guid(2d3aadefe4425b24094d5c377825785a) Importer(2089858483,b0f066a214c2f5e87bad3c948f4d605d) (ScriptedImporter) -> (artifact id: '0aef8432bb1c4e8f6b010907fbb83928') in 0.006621 seconds
Number of updated asset objects reloaded before import = 0Number of asset objects unloaded after import = 1

========================================================================
Received Import Request.
  Time since last request: 0.000015 seconds.
  path: Assets/GeniusCrate_Games/Hall_Set/Texture Maps/Hall_props_set/office_room_props/Office_room_props_BaseColor.png
  artifactKey: Guid(10b6164d204bebc4aabf1f9b4587cdc5) Importer(2089858483,b0f066a214c2f5e87bad3c948f4d605d)
Start importing Assets/GeniusCrate_Games/Hall_Set/Texture Maps/Hall_props_set/office_room_props/Office_room_props_BaseColor.png using Guid(10b6164d204bebc4aabf1f9b4587cdc5) Importer(2089858483,b0f066a214c2f5e87bad3c948f4d605d) (ScriptedImporter) -> (artifact id: 'dc1ced3d5d71fae099abf01fff9608f1') in 0.0111114 seconds
Number of updated asset objects reloaded before import = 0Number of asset objects unloaded after import = 1

========================================================================
Received Import Request.
  Time since last request: 0.000013 seconds.
  path: Assets/GeniusCrate_Games/Hall_Set/Texture Maps/Hall_props_set/Hall_Shofa/Hall_shofa_BaseColor.png
  artifactKey: Guid(ce2eb3d8b46a88f469e7566eb95ab302) Importer(2089858483,b0f066a214c2f5e87bad3c948f4d605d)
Start importing Assets/GeniusCrate_Games/Hall_Set/Texture Maps/Hall_props_set/Hall_Shofa/Hall_shofa_BaseColor.png using Guid(ce2eb3d8b46a88f469e7566eb95ab302) Importer(2089858483,b0f066a214c2f5e87bad3c948f4d605d) (ScriptedImporter) -> (artifact id: '636cefd5ff9c82f3861711f4fd632823') in 0.0132033 seconds
Number of updated asset objects reloaded before import = 0Number of asset objects unloaded after import = 1

========================================================================
Received Import Request.
  Time since last request: 0.000011 seconds.
  path: Assets/GeniusCrate_Games/Hall_Set/Prefab/Hall_props_set/Hanging_Light_01.prefab
  artifactKey: Guid(361b82c1bb8d1574cb160063d451d81a) Importer(2089858483,b0f066a214c2f5e87bad3c948f4d605d)
Start importing Assets/GeniusCrate_Games/Hall_Set/Prefab/Hall_props_set/Hanging_Light_01.prefab using Guid(361b82c1bb8d1574cb160063d451d81a) Importer(2089858483,b0f066a214c2f5e87bad3c948f4d605d) (ScriptedImporter) -> (artifact id: '9bc64ec78d14c3fd7b09f1da4be8eafc') in 0.0151867 seconds
Number of updated asset objects reloaded before import = 0Number of asset objects unloaded after import = 14

========================================================================
Received Import Request.
  Time since last request: 0.000013 seconds.
  path: Assets/GeniusCrate_Games/Hall_Set/Texture Maps/Hall_props_set/Kids_toy/Kids_room_Toys_AO.png
  artifactKey: Guid(5370a45e0a2f93243ae884efbe9b8b6c) Importer(2089858483,b0f066a214c2f5e87bad3c948f4d605d)
Start importing Assets/GeniusCrate_Games/Hall_Set/Texture Maps/Hall_props_set/Kids_toy/Kids_room_Toys_AO.png using Guid(5370a45e0a2f93243ae884efbe9b8b6c) Importer(2089858483,b0f066a214c2f5e87bad3c948f4d605d) (ScriptedImporter) -> (artifact id: 'b46fd262a10d0595f2c90bdd6ad73039') in 0.0108902 seconds
Number of updated asset objects reloaded before import = 0Number of asset objects unloaded after import = 1

========================================================================
Received Import Request.
  Time since last request: 0.000014 seconds.
  path: Assets/GeniusCrate_Games/Hall_Set/Texture Maps/Hall_props_set/Kids_room_rack/Kids_room_rack_BaseColor.png
  artifactKey: Guid(a13a1be3a86218c4f93b6457e6d519c4) Importer(2089858483,b0f066a214c2f5e87bad3c948f4d605d)
Start importing Assets/GeniusCrate_Games/Hall_Set/Texture Maps/Hall_props_set/Kids_room_rack/Kids_room_rack_BaseColor.png using Guid(a13a1be3a86218c4f93b6457e6d519c4) Importer(2089858483,b0f066a214c2f5e87bad3c948f4d605d) (ScriptedImporter) -> (artifact id: 'be5dfea5b8f58e8baee2bd01d9c5bcdd') in 0.0120237 seconds
Number of updated asset objects reloaded before import = 0Number of asset objects unloaded after import = 1

========================================================================
Received Import Request.
  Time since last request: 0.000019 seconds.
  path: Assets/GeniusCrate_Games/Hall_Set/Material/Hall_props_set
  artifactKey: Guid(ad7980a5032834b4184b090be1953631) Importer(2089858483,b0f066a214c2f5e87bad3c948f4d605d)
Start importing Assets/GeniusCrate_Games/Hall_Set/Material/Hall_props_set using Guid(ad7980a5032834b4184b090be1953631) Importer(2089858483,b0f066a214c2f5e87bad3c948f4d605d) (ScriptedImporter) -> (artifact id: '84055278ea284df072e61cc65af992e4') in 0.0065691 seconds
Number of updated asset objects reloaded before import = 0Number of asset objects unloaded after import = 1

========================================================================
Received Import Request.
  Time since last request: 0.000013 seconds.
  path: Assets/GeniusCrate_Games/Hall_Set/Texture Maps/Hall_props_set/Kids_toy/Kids_room_Toys_BaseColor.png
  artifactKey: Guid(49111d2eeff387e4ebf261b4ca160cd6) Importer(2089858483,b0f066a214c2f5e87bad3c948f4d605d)
Start importing Assets/GeniusCrate_Games/Hall_Set/Texture Maps/Hall_props_set/Kids_toy/Kids_room_Toys_BaseColor.png using Guid(49111d2eeff387e4ebf261b4ca160cd6) Importer(2089858483,b0f066a214c2f5e87bad3c948f4d605d) (ScriptedImporter) -> (artifact id: 'ff28ea93114530869b84decd2363dac0') in 0.012124 seconds
Number of updated asset objects reloaded before import = 0Number of asset objects unloaded after import = 1

========================================================================
Received Import Request.
  Time since last request: 0.000013 seconds.
  path: Assets/GeniusCrate_Games/Hall_Set/Material
  artifactKey: Guid(bed20d11fa498f14eb3a7db17965e9b6) Importer(2089858483,b0f066a214c2f5e87bad3c948f4d605d)
Start importing Assets/GeniusCrate_Games/Hall_Set/Material using Guid(bed20d11fa498f14eb3a7db17965e9b6) Importer(2089858483,b0f066a214c2f5e87bad3c948f4d605d) (ScriptedImporter) -> (artifact id: 'aa8adac48e27eb8b6ff278fae61bb29f') in 0.0071007 seconds
Number of updated asset objects reloaded before import = 0Number of asset objects unloaded after import = 1

========================================================================
Received Import Request.
  Time since last request: 0.000015 seconds.
  path: Assets/GeniusCrate_Games/Hall_Set/Prefab/Hall_props_set/Office_room_props.prefab
  artifactKey: Guid(76b23758953ddca44bec8f2be94bc4f7) Importer(2089858483,b0f066a214c2f5e87bad3c948f4d605d)
Start importing Assets/GeniusCrate_Games/Hall_Set/Prefab/Hall_props_set/Office_room_props.prefab using Guid(76b23758953ddca44bec8f2be94bc4f7) Importer(2089858483,b0f066a214c2f5e87bad3c948f4d605d) (ScriptedImporter) -> (artifact id: 'bacea0e31f95b3376be856ced75dc817') in 0.0135601 seconds
Number of updated asset objects reloaded before import = 0Number of asset objects unloaded after import = 62

========================================================================
Received Import Request.
  Time since last request: 0.000013 seconds.
  path: Assets/GeniusCrate_Games/Hall_Set/Model/Hall_props_set/Hall_shofa.fbx
  artifactKey: Guid(c5d375a9546cbbd438d01890f2170116) Importer(2089858483,b0f066a214c2f5e87bad3c948f4d605d)
Start importing Assets/GeniusCrate_Games/Hall_Set/Model/Hall_props_set/Hall_shofa.fbx using Guid(c5d375a9546cbbd438d01890f2170116) Importer(2089858483,b0f066a214c2f5e87bad3c948f4d605d) (ScriptedImporter) -> (artifact id: '652c1aadbba258ec8659175526b243a2') in 0.0140584 seconds
Number of updated asset objects reloaded before import = 0Number of asset objects unloaded after import = 8

========================================================================
Received Import Request.
  Time since last request: 0.000013 seconds.
  path: Assets/GeniusCrate_Games/Hall_Set/Material/Hall_props_set/Hamging_Light_mat.mat
  artifactKey: Guid(41b3ada539a8060438ed404e0f54c00f) Importer(2089858483,b0f066a214c2f5e87bad3c948f4d605d)
Start importing Assets/GeniusCrate_Games/Hall_Set/Material/Hall_props_set/Hamging_Light_mat.mat using Guid(41b3ada539a8060438ed404e0f54c00f) Importer(2089858483,b0f066a214c2f5e87bad3c948f4d605d) (ScriptedImporter) -> (artifact id: '2d663baf34bfde8891fc668bc681c82a') in 0.0096973 seconds
Number of updated asset objects reloaded before import = 0Number of asset objects unloaded after import = 1

========================================================================
Received Import Request.
  Time since last request: 13.487212 seconds.
  path: Assets/GeniusCrate_Games/Hall_Set
  artifactKey: Guid(11d5270d2669ced4b90e79b71e4c573f) Importer(815301076,1909f56bfc062723c751e8b465ee728b)
Start importing Assets/GeniusCrate_Games/Hall_Set using Guid(11d5270d2669ced4b90e79b71e4c573f) Importer(815301076,1909f56bfc062723c751e8b465ee728b) (PreviewImporter) -> (artifact id: '4491048a73d216ce69ea0013c519cb61') in 0.0003977 seconds
Number of updated asset objects reloaded before import = 0Number of asset objects unloaded after import = 0

========================================================================
Received Import Request.
  Time since last request: 6.469947 seconds.
  path: Assets/GeniusCrate_Games/Hall_Set/Model
  artifactKey: Guid(f1f2f2568a45bde48a9d2406583098f6) Importer(815301076,1909f56bfc062723c751e8b465ee728b)
Start importing Assets/GeniusCrate_Games/Hall_Set/Model using Guid(f1f2f2568a45bde48a9d2406583098f6) Importer(815301076,1909f56bfc062723c751e8b465ee728b) (PreviewImporter) -> (artifact id: 'a1a039321653287de76c10e2ba8cf301') in 0.0004534 seconds
Number of updated asset objects reloaded before import = 0Number of asset objects unloaded after import = 0

========================================================================
Received Import Request.
  Time since last request: 0.956087 seconds.
  path: Assets/GeniusCrate_Games/Hall_Set/Model/Hall_props_set
  artifactKey: Guid(d2dc532e5f88fb04aabae7287dfb8e93) Importer(815301076,1909f56bfc062723c751e8b465ee728b)
Start importing Assets/GeniusCrate_Games/Hall_Set/Model/Hall_props_set using Guid(d2dc532e5f88fb04aabae7287dfb8e93) Importer(815301076,1909f56bfc062723c751e8b465ee728b) (PreviewImporter) -> (artifact id: 'a3a8ea8bc587cd1bbc09c2122629a6d7') in 0.0003821 seconds
Number of updated asset objects reloaded before import = 0Number of asset objects unloaded after import = 0

========================================================================
Received Import Request.
  Time since last request: 0.930883 seconds.
  path: Assets/GeniusCrate_Games/Hall_Set/Model/Hall_props_set/Hall_shofa.fbx
  artifactKey: Guid(c5d375a9546cbbd438d01890f2170116) Importer(815301076,1909f56bfc062723c751e8b465ee728b)
Start importing Assets/GeniusCrate_Games/Hall_Set/Model/Hall_props_set/Hall_shofa.fbx using Guid(c5d375a9546cbbd438d01890f2170116) Importer(815301076,1909f56bfc062723c751e8b465ee728b) (PreviewImporter) -> (artifact id: '8579d9647812970135ef616331a9066a') in 0.4573021 seconds
Number of updated asset objects reloaded before import = 0Number of asset objects unloaded after import = 14

========================================================================
Received Import Request.
  Time since last request: 2.486144 seconds.
  path: Assets/GeniusCrate_Games/Hall_Set/Model/Hall_props_set/Hanging_Light_01.fbx
  artifactKey: Guid(bbaa277492156c949ac5479dc49d938c) Importer(815301076,1909f56bfc062723c751e8b465ee728b)
Start importing Assets/GeniusCrate_Games/Hall_Set/Model/Hall_props_set/Hanging_Light_01.fbx using Guid(bbaa277492156c949ac5479dc49d938c) Importer(815301076,1909f56bfc062723c751e8b465ee728b) (PreviewImporter) -> (artifact id: '6fddd10e31936746dbd7100ab42b3fd2') in 0.0243422 seconds
Number of updated asset objects reloaded before import = 0Number of asset objects unloaded after import = 15

========================================================================
Received Import Request.
  Time since last request: 8.697652 seconds.
  path: Assets/GeniusCrate_Games/Hall_Set/Model/Hall_props_set/Kids_room_Toys.fbx
  artifactKey: Guid(2527a4a53adf1664783b6a1e6d0d8503) Importer(815301076,1909f56bfc062723c751e8b465ee728b)
Start importing Assets/GeniusCrate_Games/Hall_Set/Model/Hall_props_set/Kids_room_Toys.fbx using Guid(2527a4a53adf1664783b6a1e6d0d8503) Importer(815301076,1909f56bfc062723c751e8b465ee728b) (PreviewImporter) -> (artifact id: '0e84196e9a8f5f094091923117b4c00f') in 0.0934652 seconds
Number of updated asset objects reloaded before import = 0Number of asset objects unloaded after import = 52

========================================================================
Received Import Request.
  Time since last request: 0.579856 seconds.
  path: Assets/GeniusCrate_Games/Hall_Set/Model/Hall_props_set/Office_room_props.fbx
  artifactKey: Guid(d0fb950607936b84a898dae99996b78e) Importer(815301076,1909f56bfc062723c751e8b465ee728b)
Start importing Assets/GeniusCrate_Games/Hall_Set/Model/Hall_props_set/Office_room_props.fbx using Guid(d0fb950607936b84a898dae99996b78e) Importer(815301076,1909f56bfc062723c751e8b465ee728b) (PreviewImporter) -> (artifact id: '0b6c050b83ae992a904093982a93bd27') in 0.0624642 seconds
Number of updated asset objects reloaded before import = 0Number of asset objects unloaded after import = 41

Editor requested this worker to shutdown with reason: Scaling down because of idle timeout
AssetImportWorker is now disconnected from the server
Process exiting
Exiting without the bug reporter. Application will terminate with return code 0