[Licensing::Module] Trying to connect to existing licensing client channel...
Built from '6000.3/staging' branch; Version is '6000.3.8f1 (1c7db571dde0) revision 1867189'; Using compiler version '194234433'; Build Type 'Release'
OS: 'Windows 11  (10.0.22631) Professional' Language: 'ru' Physical Memory: 32680 MB
BatchMode: 1, IsHumanControllingUs: 0, StartBugReporterOnCrash: 0, Is64bit: 1
[Licensing::IpcConnector] Successfully connected to: "LicenseClient-maksg" at "2026-03-16T22:21:01.3099524Z"
System  architecture: x64
Process architecture: x64
Date: 2026-03-16T22:21:01Z

COMMAND LINE ARGUMENTS:
C:\Program Files\Unity\Hub\Editor\6000.3.8f1\Editor\Unity.exe
-adb2
-batchMode
-noUpm
-name
AssetImportWorker7
-projectPath
D:/Unity_projects/GolfWHill
-logFile
Logs/AssetImportWorker7.log
-srvPort
49165
-licensingIpc
LicenseClient-maksg
-job-worker-count
7
-background-job-worker-count
8
-gc-helper-count
1
-name
AssetImport
Successfully changed project path to: D:/Unity_projects/GolfWHill
D:/Unity_projects/GolfWHill
[UnityMemory] Configuration Parameters - Can be set up in boot.config
    "memorysetup-temp-allocator-size-nav-mesh-worker=65536"
    "memorysetup-temp-allocator-size-audio-worker=65536"
    "memorysetup-temp-allocator-size-gfx=262144"
    "memorysetup-allocator-temp-initial-block-size-main=262144"
    "memorysetup-allocator-temp-initial-block-size-worker=262144"
    "memorysetup-temp-allocator-size-background-worker=32768"
    "memorysetup-temp-allocator-size-job-worker=262144"
    "memorysetup-temp-allocator-size-preload-manager=33554432"
    "memorysetup-temp-allocator-size-gi-baking-worker=262144"
    "memorysetup-temp-allocator-size-gi-baking-worker=262144"
    "memorysetup-temp-allocator-size-gi-baking-worker=262144"
    "memorysetup-temp-allocator-size-gi-baking-worker=262144"
    "memorysetup-temp-allocator-size-gi-baking-worker=262144"
    "memorysetup-bucket-allocator-granularity=16"
    "memorysetup-bucket-allocator-bucket-count=8"
    "memorysetup-bucket-allocator-block-size=33554432"
    "memorysetup-bucket-allocator-block-count=8"
    "memorysetup-main-allocator-block-size=16777216"
    "memorysetup-thread-allocator-block-size=16777216"
    "memorysetup-gfx-main-allocator-block-size=16777216"
    "memorysetup-gfx-thread-allocator-block-size=16777216"
    "memorysetup-cache-allocator-block-size=4194304"
    "memorysetup-typetree-allocator-block-size=2097152"
    "memorysetup-profiler-bucket-allocator-granularity=16"
    "memorysetup-profiler-bucket-allocator-bucket-count=8"
    "memorysetup-profiler-bucket-allocator-block-size=33554432"
    "memorysetup-profiler-bucket-allocator-block-count=8"
    "memorysetup-profiler-allocator-block-size=16777216"
    "memorysetup-profiler-editor-allocator-block-size=1048576"
    "memorysetup-temp-allocator-size-main=16777216"
    "memorysetup-job-temp-allocator-block-size=2097152"
    "memorysetup-job-temp-allocator-block-size-background=1048576"
    "memorysetup-job-temp-allocator-reduction-small-platforms=262144"
    "memorysetup-temp-allocator-size-cloud-worker=32768"
Player connection [28008]  Target information:

Player connection [28008]  * "[IP] 192.168.56.1 [Port] 0 [Flags] 2 [Guid] 569484996 [EditorId] 569484996 [Version] 1048832 [Id] WindowsEditor(7,DesktopSopirm) [Debug] 1 [PackageName] WindowsEditor [ProjectName] Editor" 

Player connection [28008]  * "[IP] 26.54.104.98 [Port] 0 [Flags] 2 [Guid] 569484996 [EditorId] 569484996 [Version] 1048832 [Id] WindowsEditor(7,DesktopSopirm) [Debug] 1 [PackageName] WindowsEditor [ProjectName] Editor" 

Player connection [28008]  * "[IP] 192.168.1.10 [Port] 0 [Flags] 2 [Guid] 569484996 [EditorId] 569484996 [Version] 1048832 [Id] WindowsEditor(7,DesktopSopirm) [Debug] 1 [PackageName] WindowsEditor [ProjectName] Editor" 

Player connection [28008]  * "[IP] 172.19.0.1 [Port] 0 [Flags] 2 [Guid] 569484996 [EditorId] 569484996 [Version] 1048832 [Id] WindowsEditor(7,DesktopSopirm) [Debug] 1 [PackageName] WindowsEditor [ProjectName] Editor" 

Player connection [28008] Host joined multi-casting on [225.0.0.222:54997]...
Player connection [28008] Host joined alternative multi-casting on [225.0.0.222:34997]...
JobSystem: Creating JobQueue using job-worker-count value 7
Input System module state changed to: Initialized.
[Physics::Module] Initialized fallback backend.
[Physics::Module] Id: 0xdecafbad
Library Redirect Path: Library/
[Physics::Module] Selected backend.
[Physics::Module] Name: PhysX
[Physics::Module] Id: 0xf2b8ea05
[Physics::Module] SDK Version: 4.1.2
[Physics::Module] Integration Version: 1.0.0
[Physics::Module] Threading Mode: Multi-Threaded
Refreshing native plugins compatible for Editor in 2.44 ms, found 3 plugins.
Preloading 0 native plugins for Editor in 0.00 ms.
Initialize engine version: 6000.3.8f1 (1c7db571dde0)
[Subsystems] Discovering subsystems at path C:/Program Files/Unity/Hub/Editor/6000.3.8f1/Editor/Data/Resources/UnitySubsystems
[Subsystems] Discovering subsystems at path D:/Unity_projects/GolfWHill/Assets
GfxDevice: creating device client; kGfxThreadingModeNonThreaded
Direct3D:
    Version:  Direct3D 11.0 [level 11.1]
    Renderer: AMD Radeon RX 9060 XT (ID=0x7590)
    Vendor:   ATI
    VRAM:     16253 MB
    Driver:   32.0.23017.1001
Initialize mono
Mono path[0] = 'C:/Program Files/Unity/Hub/Editor/6000.3.8f1/Editor/Data/Managed'
Mono path[1] = 'C:/Program Files/Unity/Hub/Editor/6000.3.8f1/Editor/Data/MonoBleedingEdge/lib/mono/unityjit-win32'
Mono config path = 'C:/Program Files/Unity/Hub/Editor/6000.3.8f1/Editor/Data/MonoBleedingEdge/etc'
Using monoOptions --debugger-agent=transport=dt_socket,embedding=1,server=y,suspend=n,address=127.0.0.1:56204
Begin MonoManager ReloadAssembly
Registering precompiled unity dll's ...
Register platform support module: C:/Program Files/Unity/Hub/Editor/6000.3.8f1/Editor/Data/PlaybackEngines/WebGLSupport/UnityEditor.WebGL.Extensions.dll
Register platform support module: C:/Program Files/Unity/Hub/Editor/6000.3.8f1/Editor/Data/PlaybackEngines/WindowsStandaloneSupport/UnityEditor.WindowsStandalone.Extensions.dll
Registered in 0.003096 seconds.
[Licensing::Client] Handshaking with LicensingClient:
  Version:                 1.17.4+4293ba1
  Session Id:              e1616ea1854949d9952eeaab5a5610fc
  Correlation Id:          4c272a513a7c6910d307a6519447c6c4
  External correlation Id: 2434196441723569764
  Machine Id:              YO/17/ye+/F5EPWlvlK1nSWkLrw=
[Licensing::Module] Successfully connected to LicensingClient on channel: "LicenseClient-maksg" (connect: 0.00s, validation: 0.00s, handshake: 0.85s)
[Licensing::IpcConnector] Successfully connected to: "LicenseClient-maksg-notifications" at "2026-03-16T22:21:02.1632374Z"
[Licensing::Module] Licensing Background thread has ended after 0.85s
- Loaded All Assemblies, in  0.479 seconds
Native extension for WindowsStandalone target not found
Native extension for WebGL target not found
ScheduleIndexationOnStartup MainProcess:False IndexOnStartup:True
Mono: successfully reloaded assembly
- Finished resetting the current domain, in  0.438 seconds
Domain Reload Profiling: 912ms
	BeginReloadAssembly (145ms)
		ExecutionOrderSort (0ms)
		DisableScriptedObjects (0ms)
		BackupInstance (0ms)
		ReleaseScriptingObjects (0ms)
		CreateAndSetChildDomain (1ms)
	RebuildCommonClasses (42ms)
	RebuildNativeTypeToScriptingClass (12ms)
	initialDomainReloadingComplete (59ms)
	LoadAllAssembliesAndSetupDomain (215ms)
		LoadAssemblies (142ms)
		RebuildTransferFunctionScriptingTraits (0ms)
		AnalyzeDomain (211ms)
			TypeCache.Refresh (209ms)
				TypeCache.ScanAssembly (191ms)
			BuildScriptInfoCaches (0ms)
			ResolveRequiredComponents (0ms)
	FinalizeReload (438ms)
		ReleaseScriptCaches (0ms)
		RebuildScriptCaches (0ms)
		SetupLoadedEditorAssemblies (388ms)
			LogAssemblyErrors (0ms)
			InitializePlatformSupportModulesInManaged (53ms)
			SetLoadedEditorAssemblies (4ms)
			BeforeProcessingInitializeOnLoad (87ms)
			ProcessInitializeOnLoadAttributes (164ms)
			ProcessInitializeOnLoadMethodAttributes (81ms)
			AfterProcessingInitializeOnLoad (0ms)
			EditorAssembliesLoaded (0ms)
		ExecutionOrderSort2 (0ms)
		AwakeInstancesAfterBackupRestoration (0ms)
========================================================================
Worker process is ready to serve import requests
Import Worker Mode flag is 0x00
Begin MonoManager ReloadAssembly
[Licensing::Client] Successfully resolved entitlement details
[Licensing::Module] License group:
  Id: 10170591166266-UnityPersXXXX
  Product: Unity Personal
  Type: Assigned
  Expiration: Unlimited
- Loaded All Assemblies, in  0.711 seconds
Refreshing native plugins compatible for Editor in 0.88 ms, found 3 plugins.
Native extension for WindowsStandalone target not found
Native extension for WebGL target not found
Package Manager log level set to [2]
[Package Manager] Failed to launch server process. Reason: Unity was launched with the -noUpm command-line argument
[Package Manager] Unable to send message (not connected to server process).
[Package Manager] Cannot connect to Unity Package Manager local server
System.Exception: Error! Visual Scripting: couldn't find visual scripting package
  at Unity.VisualScripting.PackageVersionUtility.get_version () [0x00043] in .\Library\PackageCache\com.unity.visualscripting@191c0d7e3b69\Editor\VisualScripting.Core\Utilities\PackageVersionUtility.cs:31 
  at Unity.VisualScripting.BoltCoreManifest.get_version () [0x00000] in .\Library\PackageCache\com.unity.visualscripting@191c0d7e3b69\Editor\VisualScripting.Core\Plugin\BoltCoreManifest.cs:11 
  at Unity.VisualScripting.PluginManifest.get_currentVersion () [0x00000] in .\Library\PackageCache\com.unity.visualscripting@191c0d7e3b69\Editor\VisualScripting.Core\Plugins\PluginManifest.cs:33 
  at Unity.VisualScripting.PluginManifest.get_versionMismatch () [0x00000] in .\Library\PackageCache\com.unity.visualscripting@191c0d7e3b69\Editor\VisualScripting.Core\Plugins\PluginManifest.cs:48 
  at Unity.VisualScripting.PluginContainer.Initialize () [0x00525] in .\Library\PackageCache\com.unity.visualscripting@191c0d7e3b69\Editor\VisualScripting.Core\Plugins\PluginContainer.cs:208 
  at Unity.VisualScripting.PluginContainer.InitializeOnLoad () [0x00009] in .\Library\PackageCache\com.unity.visualscripting@191c0d7e3b69\Editor\VisualScripting.Core\Plugins\PluginContainer.cs:32 
  at Unity.VisualScripting.VSUsageUtility.DoInitializeOnLoadCalls () [0x00034] in .\Library\PackageCache\com.unity.visualscripting@191c0d7e3b69\Editor\VisualScripting.Core\Utilities\VSUsageUtility.cs:76 
  at Unity.VisualScripting.VSUsageUtility.set_isVisualScriptingUsed (System.Boolean value) [0x0002c] in .\Library\PackageCache\com.unity.visualscripting@191c0d7e3b69\Editor\VisualScripting.Core\Utilities\VSUsageUtility.cs:114 
  at Unity.VisualScripting.VSUsageUtility.CheckAndSetIsVisualScriptingUsed () [0x00032] in .\Library\PackageCache\com.unity.visualscripting@191c0d7e3b69\Editor\VisualScripting.Core\Utilities\VSUsageUtility.cs:48 
  at Unity.VisualScripting.VSUsageUtility..cctor () [0x00000] in .\Library\PackageCache\com.unity.visualscripting@191c0d7e3b69\Editor\VisualScripting.Core\Utilities\VSUsageUtility.cs:22 
UnityEngine.Debug:ExtractStackTraceNoAlloc (byte*,int,string)
UnityEngine.StackTraceUtility:ExtractStackTrace ()
UnityEngine.DebugLogHandler:Internal_Log (UnityEngine.LogType,UnityEngine.LogOption,string,UnityEngine.Object)
UnityEngine.DebugLogHandler:LogFormat (UnityEngine.LogType,UnityEngine.Object,string,object[])
UnityEngine.Logger:Log (UnityEngine.LogType,object)
UnityEngine.Debug:LogError (object)
UnityEditor.EditorAssemblies:ProcessInitializeOnLoadAttributes (System.Type[])

ScheduleIndexationOnStartup MainProcess:False IndexOnStartup:True
Mono: successfully reloaded assembly
- Finished resetting the current domain, in  1.005 seconds
Domain Reload Profiling: 1713ms
	BeginReloadAssembly (172ms)
		ExecutionOrderSort (0ms)
		DisableScriptedObjects (5ms)
		BackupInstance (0ms)
		ReleaseScriptingObjects (0ms)
		CreateAndSetChildDomain (32ms)
	RebuildCommonClasses (35ms)
	RebuildNativeTypeToScriptingClass (11ms)
	initialDomainReloadingComplete (37ms)
	LoadAllAssembliesAndSetupDomain (452ms)
		LoadAssemblies (317ms)
		RebuildTransferFunctionScriptingTraits (0ms)
		AnalyzeDomain (232ms)
			TypeCache.Refresh (165ms)
				TypeCache.ScanAssembly (152ms)
			BuildScriptInfoCaches (54ms)
			ResolveRequiredComponents (9ms)
	FinalizeReload (1006ms)
		ReleaseScriptCaches (0ms)
		RebuildScriptCaches (0ms)
		SetupLoadedEditorAssemblies (846ms)
			LogAssemblyErrors (0ms)
			InitializePlatformSupportModulesInManaged (2ms)
			SetLoadedEditorAssemblies (4ms)
			BeforeProcessingInitializeOnLoad (117ms)
			ProcessInitializeOnLoadAttributes (668ms)
			ProcessInitializeOnLoadMethodAttributes (48ms)
			AfterProcessingInitializeOnLoad (8ms)
			EditorAssembliesLoaded (0ms)
		ExecutionOrderSort2 (0ms)
		AwakeInstancesAfterBackupRestoration (5ms)
Launched and connected shader compiler UnityShaderCompiler.exe after 0.01 seconds
Refreshing native plugins compatible for Editor in 0.78 ms, found 3 plugins.
Preloading 0 native plugins for Editor in 0.00 ms.
Unloading 28 Unused Serialized files (Serialized files now loaded: 0)
Unloading 6288 unused Assets / (6.5 MB). Loaded Objects now: 7107.
Memory consumption went from 155.8 MB to 149.3 MB.
Total: 19.127600 ms (FindLiveObjects: 0.637200 ms CreateObjectMapping: 0.703500 ms MarkObjects: 15.449300 ms  DeleteObjects: 2.336600 ms)

========================================================================
Received Import Request.
  Time since last request: 131355.883325 seconds.
  path: Assets/Awb-Free Low Poly Vehicles/Models/Sport Car_39.fbx
  artifactKey: Guid(41c288592429ad74ea436c2cc1011e3c) Importer(2089858483,b0f066a214c2f5e87bad3c948f4d605d)
Start importing Assets/Awb-Free Low Poly Vehicles/Models/Sport Car_39.fbx using Guid(41c288592429ad74ea436c2cc1011e3c) Importer(2089858483,b0f066a214c2f5e87bad3c948f4d605d) (ScriptedImporter) -> (artifact id: '2b24449b454f1b2d342c9bf0e4234cec') in 0.1351607 seconds
Number of updated asset objects reloaded before import = 20Number of asset objects unloaded after import = 27

========================================================================
Received Import Request.
  Time since last request: 0.000025 seconds.
  path: Assets/Awb-Free Low Poly Vehicles/Models
  artifactKey: Guid(50ff8b4dbbaee0e43b36b73bf2aca1da) Importer(2089858483,b0f066a214c2f5e87bad3c948f4d605d)
Start importing Assets/Awb-Free Low Poly Vehicles/Models using Guid(50ff8b4dbbaee0e43b36b73bf2aca1da) Importer(2089858483,b0f066a214c2f5e87bad3c948f4d605d) (ScriptedImporter) -> (artifact id: 'b4d1c20baa1492a6c09790fb5b089733') in 0.0096 seconds
Number of updated asset objects reloaded before import = 0Number of asset objects unloaded after import = 1

========================================================================
Received Import Request.
  Time since last request: 0.000025 seconds.
  path: Assets/Awb-Free Low Poly Vehicles/Prefabs/Hatchback Car_15.prefab
  artifactKey: Guid(9c92406c14c380849bca38280c133c64) Importer(2089858483,b0f066a214c2f5e87bad3c948f4d605d)
Start importing Assets/Awb-Free Low Poly Vehicles/Prefabs/Hatchback Car_15.prefab using Guid(9c92406c14c380849bca38280c133c64) Importer(2089858483,b0f066a214c2f5e87bad3c948f4d605d) (ScriptedImporter) -> (artifact id: '7a0c40be1494d6bd507262ee58341830') in 0.0215732 seconds
Number of updated asset objects reloaded before import = 0Number of asset objects unloaded after import = 30

========================================================================
Received Import Request.
  Time since last request: 0.000016 seconds.
  path: Assets/Awb-Free Low Poly Vehicles/Material/Color Bloom.mat
  artifactKey: Guid(eb5ee08e1b0e3e741af903e3cf81b196) Importer(2089858483,b0f066a214c2f5e87bad3c948f4d605d)
Start importing Assets/Awb-Free Low Poly Vehicles/Material/Color Bloom.mat using Guid(eb5ee08e1b0e3e741af903e3cf81b196) Importer(2089858483,b0f066a214c2f5e87bad3c948f4d605d) (ScriptedImporter) -> (artifact id: '4c55b372f7053da9b9fe7653b7cfaaa7') in 0.0312294 seconds
Number of updated asset objects reloaded before import = 0Number of asset objects unloaded after import = 2

========================================================================
Received Import Request.
  Time since last request: 0.000018 seconds.
  path: Assets/Awb-Free Low Poly Vehicles/Models/N_Muscle Car_10.fbx
  artifactKey: Guid(2efc3c5afc9e5bc4c94d564a9c0c48b4) Importer(2089858483,b0f066a214c2f5e87bad3c948f4d605d)
Start importing Assets/Awb-Free Low Poly Vehicles/Models/N_Muscle Car_10.fbx using Guid(2efc3c5afc9e5bc4c94d564a9c0c48b4) Importer(2089858483,b0f066a214c2f5e87bad3c948f4d605d) (ScriptedImporter) -> (artifact id: '471183d9e089a3f7a42015beaafcefec') in 0.015979 seconds
Number of updated asset objects reloaded before import = 0Number of asset objects unloaded after import = 27

========================================================================
Received Import Request.
  Time since last request: 0.000020 seconds.
  path: Assets/Awb-Free Low Poly Vehicles/Prefabs
  artifactKey: Guid(de23d0c74b618ec4db7aaa8f8bc8ae47) Importer(2089858483,b0f066a214c2f5e87bad3c948f4d605d)
Start importing Assets/Awb-Free Low Poly Vehicles/Prefabs using Guid(de23d0c74b618ec4db7aaa8f8bc8ae47) Importer(2089858483,b0f066a214c2f5e87bad3c948f4d605d) (ScriptedImporter) -> (artifact id: '2405497c5d96f75bf4886205c4a0819d') in 0.0072707 seconds
Number of updated asset objects reloaded before import = 0Number of asset objects unloaded after import = 1

========================================================================
Received Import Request.
  Time since last request: 0.000015 seconds.
  path: Assets/Awb-Free Low Poly Vehicles
  artifactKey: Guid(19bdc1e3bd32fb047a8aafb3a2fc5d44) Importer(2089858483,b0f066a214c2f5e87bad3c948f4d605d)
Start importing Assets/Awb-Free Low Poly Vehicles using Guid(19bdc1e3bd32fb047a8aafb3a2fc5d44) Importer(2089858483,b0f066a214c2f5e87bad3c948f4d605d) (ScriptedImporter) -> (artifact id: '7b564961354a5b5c4d85f24ce0dbf541') in 0.0108772 seconds
Number of updated asset objects reloaded before import = 0Number of asset objects unloaded after import = 1

========================================================================
Received Import Request.
  Time since last request: 0.000025 seconds.
  path: Assets/Awb-Free Low Poly Vehicles/Models/Monster Truck_12.fbx
  artifactKey: Guid(15e3b883b05343c409ed2f085de014a1) Importer(2089858483,b0f066a214c2f5e87bad3c948f4d605d)
Start importing Assets/Awb-Free Low Poly Vehicles/Models/Monster Truck_12.fbx using Guid(15e3b883b05343c409ed2f085de014a1) Importer(2089858483,b0f066a214c2f5e87bad3c948f4d605d) (ScriptedImporter) -> (artifact id: 'e17c302a1159f9e637b76c3ca2c75871') in 0.0185007 seconds
Number of updated asset objects reloaded before import = 0Number of asset objects unloaded after import = 27

========================================================================
Received Import Request.
  Time since last request: 0.000031 seconds.
  path: Assets/Awb-Free Low Poly Vehicles/Prefabs/Sport Car_39.prefab
  artifactKey: Guid(041e4e3100f07184cacfe35dce34f022) Importer(2089858483,b0f066a214c2f5e87bad3c948f4d605d)
Start importing Assets/Awb-Free Low Poly Vehicles/Prefabs/Sport Car_39.prefab using Guid(041e4e3100f07184cacfe35dce34f022) Importer(2089858483,b0f066a214c2f5e87bad3c948f4d605d) (ScriptedImporter) -> (artifact id: '46391a4a1232d334e228ee5ba7d3b43b') in 0.0221092 seconds
Number of updated asset objects reloaded before import = 0Number of asset objects unloaded after import = 30

========================================================================
Received Import Request.
  Time since last request: 0.000016 seconds.
  path: Assets/Awb-Free Low Poly Vehicles/Models/Hatchback Car_15.fbx
  artifactKey: Guid(479bd64bd0eb14d47a9189dab8f05695) Importer(2089858483,b0f066a214c2f5e87bad3c948f4d605d)
Start importing Assets/Awb-Free Low Poly Vehicles/Models/Hatchback Car_15.fbx using Guid(479bd64bd0eb14d47a9189dab8f05695) Importer(2089858483,b0f066a214c2f5e87bad3c948f4d605d) (ScriptedImporter) -> (artifact id: '40e1dcf656a4e87d6d5a8e112b39c2a1') in 0.0192868 seconds
Number of updated asset objects reloaded before import = 0Number of asset objects unloaded after import = 27

========================================================================
Received Import Request.
  Time since last request: 0.000025 seconds.
  path: Assets/Awb-Free Low Poly Vehicles/Prefabs/Air Plane_1.prefab
  artifactKey: Guid(7da7f9f2fecda974c9b3e16e28330244) Importer(2089858483,b0f066a214c2f5e87bad3c948f4d605d)
Start importing Assets/Awb-Free Low Poly Vehicles/Prefabs/Air Plane_1.prefab using Guid(7da7f9f2fecda974c9b3e16e28330244) Importer(2089858483,b0f066a214c2f5e87bad3c948f4d605d) (ScriptedImporter) -> (artifact id: 'c7c1eef9cbe1aef59d2cb857af5db7b7') in 0.0265501 seconds
Number of updated asset objects reloaded before import = 0Number of asset objects unloaded after import = 29

========================================================================
Received Import Request.
  Time since last request: 0.000024 seconds.
  path: Assets/Awb-Free Low Poly Vehicles/Texture
  artifactKey: Guid(4090c891860329c4bbbe02611bb13121) Importer(2089858483,b0f066a214c2f5e87bad3c948f4d605d)
Start importing Assets/Awb-Free Low Poly Vehicles/Texture using Guid(4090c891860329c4bbbe02611bb13121) Importer(2089858483,b0f066a214c2f5e87bad3c948f4d605d) (ScriptedImporter) -> (artifact id: 'c4969e2cf2f46559b7010eef9c0f5e04') in 0.010052 seconds
Number of updated asset objects reloaded before import = 0Number of asset objects unloaded after import = 1

========================================================================
Received Import Request.
  Time since last request: 0.000018 seconds.
  path: Assets/Awb-Free Low Poly Vehicles/Scene/FreeCar Scene.unity
  artifactKey: Guid(4b3330b590350cf429c3d444640751dc) Importer(2089858483,b0f066a214c2f5e87bad3c948f4d605d)
Start importing Assets/Awb-Free Low Poly Vehicles/Scene/FreeCar Scene.unity using Guid(4b3330b590350cf429c3d444640751dc) Importer(2089858483,b0f066a214c2f5e87bad3c948f4d605d) (ScriptedImporter) -> (artifact id: '7b9da427146c4f0ea91d0d0ba8120995') in 0.0103606 seconds
Number of updated asset objects reloaded before import = 0Number of asset objects unloaded after import = 1

========================================================================
Received Import Request.
  Time since last request: 0.000024 seconds.
  path: Assets/Awb-Free Low Poly Vehicles/Models/N Van_10.fbx
  artifactKey: Guid(10e7cb01c3556db44a379229e63a357b) Importer(2089858483,b0f066a214c2f5e87bad3c948f4d605d)
Start importing Assets/Awb-Free Low Poly Vehicles/Models/N Van_10.fbx using Guid(10e7cb01c3556db44a379229e63a357b) Importer(2089858483,b0f066a214c2f5e87bad3c948f4d605d) (ScriptedImporter) -> (artifact id: 'e8604e8f5f9451ce839ef65bea4195cc') in 0.0200063 seconds
Number of updated asset objects reloaded before import = 0Number of asset objects unloaded after import = 27

Editor requested this worker to shutdown with reason: Scaling down because of idle timeout
AssetImportWorker is now disconnected from the server
Process exiting
Exiting without the bug reporter. Application will terminate with return code 0