Unity Editor version:    6000.3.8f1 (1c7db571dde0)
Branch:                  6000.3/staging
Build type:              Release
Batch mode:              YES
macOS version:           Version 26.3 (Build 25D125)
Darwin version:          25.3.0
Architecture:            arm64
Running under Rosetta:   NO
Available memory:        16384 MB
Date:                    2026-05-18T20:58:01Z
[Licensing::Module] Trying to connect to existing licensing client channel...
[Licensing::IpcConnector] Successfully connected to: "LicenseClient-sopirm" at "2026-05-18T20:58:01.941549Z"

COMMAND LINE ARGUMENTS:
/Applications/Unity/Hub/Editor/6000.3.8f1/Unity.app/Contents/MacOS/Unity
-adb2
-batchMode
-noUpm
-name
AssetImportWorker8
-projectPath
/Users/sopirm/ProgramProjects/GolfWHill
-logFile
Logs/AssetImportWorker8.log
-srvPort
59205
-licensingIpc
LicenseClient-sopirm
-job-worker-count
4
-background-job-worker-count
8
-gc-helper-count
1
-name AssetImport
Successfully changed project path to: /Users/sopirm/ProgramProjects/GolfWHill
/Users/sopirm/ProgramProjects/GolfWHill
[UnityMemory] Configuration Parameters - Can be set up in boot.config
    "memorysetup-allocator-temp-initial-block-size-main=262144"
    "memorysetup-allocator-temp-initial-block-size-worker=262144"
    "memorysetup-temp-allocator-size-background-worker=32768"
    "memorysetup-temp-allocator-size-job-worker=262144"
    "memorysetup-temp-allocator-size-preload-manager=33554432"
    "memorysetup-temp-allocator-size-nav-mesh-worker=65536"
    "memorysetup-temp-allocator-size-audio-worker=65536"
    "memorysetup-temp-allocator-size-cloud-worker=32768"
    "memorysetup-bucket-allocator-granularity=16"
    "memorysetup-bucket-allocator-bucket-count=8"
    "memorysetup-bucket-allocator-block-size=33554432"
    "memorysetup-bucket-allocator-block-count=8"
    "memorysetup-main-allocator-block-size=16777216"
    "memorysetup-thread-allocator-block-size=16777216"
    "memorysetup-gfx-main-allocator-block-size=16777216"
    "memorysetup-gfx-thread-allocator-block-size=16777216"
    "memorysetup-cache-allocator-block-size=4194304"
    "memorysetup-typetree-allocator-block-size=2097152"
    "memorysetup-profiler-bucket-allocator-granularity=16"
    "memorysetup-profiler-bucket-allocator-bucket-count=8"
    "memorysetup-profiler-bucket-allocator-block-size=33554432"
    "memorysetup-profiler-bucket-allocator-block-count=8"
    "memorysetup-profiler-allocator-block-size=16777216"
    "memorysetup-profiler-editor-allocator-block-size=1048576"
    "memorysetup-temp-allocator-size-main=16777216"
    "memorysetup-job-temp-allocator-block-size=2097152"
    "memorysetup-job-temp-allocator-block-size-background=1048576"
    "memorysetup-job-temp-allocator-reduction-small-platforms=262144"
    "memorysetup-temp-allocator-size-gi-baking-worker=262144"
    "memorysetup-temp-allocator-size-gi-baking-worker=262144"
    "memorysetup-temp-allocator-size-gi-baking-worker=262144"
    "memorysetup-temp-allocator-size-gi-baking-worker=262144"
    "memorysetup-temp-allocator-size-gi-baking-worker=262144"
    "memorysetup-temp-allocator-size-gfx=262144"
Player connection [8467361920]  Target information:

Player connection [8467361920]  * "[IP] 192.168.1.6 [Port] 0 [Flags] 2 [Guid] 1218328270 [EditorId] 1218328270 [Version] 1048832 [Id] OSXEditor(0,MacBook-Pro-Maks.local) [Debug] 1 [PackageName] OSXEditor [ProjectName] Editor" 

Player connection [8467361920]  * "[IP] 198.18.0.1 [Port] 0 [Flags] 2 [Guid] 1218328270 [EditorId] 1218328270 [Version] 1048832 [Id] OSXEditor(0,MacBook-Pro-Maks.local) [Debug] 1 [PackageName] OSXEditor [ProjectName] Editor" 

Player connection [8467361920] Host joined multi-casting on [225.0.0.222:54997]...
Player connection [8467361920] Host joined alternative multi-casting on [225.0.0.222:34997]...
JobSystem: Creating JobQueue using job-worker-count value 4
Input System module state changed to: Initialized.
[Physics::Module] Initialized fallback backend.
[Physics::Module] Id: 0xdecafbad
Library Redirect Path: Library/
[Physics::Module] Selected backend.
[Physics::Module] Name: PhysX
[Physics::Module] Id: 0xf2b8ea05
[Physics::Module] SDK Version: 4.1.2
[Physics::Module] Integration Version: 1.0.0
[Physics::Module] Threading Mode: Multi-Threaded
Refreshing native plugins compatible for Editor in 4.52 ms, found 1 plugins.
Preloading 0 native plugins for Editor in 0.00 ms.
Initialize engine version: 6000.3.8f1 (1c7db571dde0)
[Subsystems] Discovering subsystems at path /Applications/Unity/Hub/Editor/6000.3.8f1/Unity.app/Contents/Resources/UnitySubsystems
[Subsystems] Discovering subsystems at path /Users/sopirm/ProgramProjects/GolfWHill/Assets
GfxDevice: creating device client; kGfxThreadingModeNonThreaded
 preferred device: Apple M5 (high power)
Metal devices available: 1
0: Apple M5 (high power)
Using device Apple M5 (high power)
Initializing Metal device caps: Apple M5
Mac GPU Family: 2
Apple GPU Family: 9
MSL Version: 3.0
Has Float MSAA: 1
Has Float Filtering: 1
ReadWrite Texture Tier: 2
Initialize mono
Mono path[0] = '/Applications/Unity/Hub/Editor/6000.3.8f1/Unity.app/Contents/Resources/Scripting/Managed'
Mono path[1] = '/Applications/Unity/Hub/Editor/6000.3.8f1/Unity.app/Contents/Resources/Scripting/MonoBleedingEdge/lib/mono/unityjit-macos'
Mono config path = '/Applications/Unity/Hub/Editor/6000.3.8f1/Unity.app/Contents/Resources/Scripting/MonoBleedingEdge/etc'
Using monoOptions --debugger-agent=transport=dt_socket,embedding=1,server=y,suspend=n,address=127.0.0.1:56949
Begin MonoManager ReloadAssembly
Registering precompiled unity dll's ...
Register platform support module: /Applications/Unity/Hub/Editor/6000.3.8f1/Unity.app/Contents/PlaybackEngines/MacStandaloneSupport/UnityEditor.OSXStandalone.Extensions.dll
Registered in 0.000665 seconds.
- Loaded All Assemblies, in  0.309 seconds
[Licensing::Client] Handshaking with LicensingClient:
  Version:                 1.17.4+4293ba1
  Session Id:              ad3ae6d0fb404fc5a95985865ce63a44
  Correlation Id:          b0506ee797e3a6ab708d69588ae039f7
  External correlation Id: 3760823621381939964
  Machine Id:              ddpRgiPHpQ1VYkTtLACzcj+6MRk=
[Licensing::Module] Successfully connected to LicensingClient on channel: "LicenseClient-sopirm" (connect: 0.00s, validation: 0.00s, handshake: 0.84s)
[Licensing::IpcConnector] Successfully connected to: "LicenseClient-sopirm-notifications" at "2026-05-18T20:58:02.779748Z"
[Licensing::Module] Licensing Background thread has ended after 0.84s
Native extension for OSXStandalone target not found
ScheduleIndexationOnStartup MainProcess:False IndexOnStartup:True
Mono: successfully reloaded assembly
- Finished resetting the current domain, in  0.304 seconds
Domain Reload Profiling: 613ms
	BeginReloadAssembly (117ms)
		ExecutionOrderSort (0ms)
		DisableScriptedObjects (0ms)
		BackupInstance (0ms)
		ReleaseScriptingObjects (0ms)
		CreateAndSetChildDomain (0ms)
	RebuildCommonClasses (28ms)
	RebuildNativeTypeToScriptingClass (8ms)
	initialDomainReloadingComplete (32ms)
	LoadAllAssembliesAndSetupDomain (123ms)
		LoadAssemblies (117ms)
		RebuildTransferFunctionScriptingTraits (0ms)
		AnalyzeDomain (121ms)
			TypeCache.Refresh (120ms)
				TypeCache.ScanAssembly (109ms)
			BuildScriptInfoCaches (0ms)
			ResolveRequiredComponents (0ms)
	FinalizeReload (304ms)
		ReleaseScriptCaches (0ms)
		RebuildScriptCaches (0ms)
		SetupLoadedEditorAssemblies (276ms)
			LogAssemblyErrors (0ms)
			InitializePlatformSupportModulesInManaged (25ms)
			SetLoadedEditorAssemblies (3ms)
			BeforeProcessingInitializeOnLoad (76ms)
			ProcessInitializeOnLoadAttributes (124ms)
			ProcessInitializeOnLoadMethodAttributes (48ms)
			AfterProcessingInitializeOnLoad (0ms)
			EditorAssembliesLoaded (0ms)
		ExecutionOrderSort2 (0ms)
		AwakeInstancesAfterBackupRestoration (0ms)
[CoreBusinessMetrics] Unexpected thread when updating session info.
========================================================================
Worker process is ready to serve import requests
Import Worker Mode flag is 0x00
Begin MonoManager ReloadAssembly
[Licensing::Client] Successfully resolved entitlement details
[Licensing::Module] License group:
  Id: 10170591166266-UnityPersXXXX
  Product: Unity Personal
  Type: Assigned
  Expiration: Unlimited
- Loaded All Assemblies, in  0.379 seconds
Refreshing native plugins compatible for Editor in 0.25 ms, found 1 plugins.
Native extension for OSXStandalone target not found
Package Manager log level set to [2]
[Package Manager] Failed to launch server process. Reason: Unity was launched with the -noUpm command-line argument
[Package Manager] Unable to send message (not connected to server process).
[Package Manager] Cannot connect to Unity Package Manager local server
System.Exception: Error! Visual Scripting: couldn't find visual scripting package
  at Unity.VisualScripting.PackageVersionUtility.get_version () [0x00043] in ./Library/PackageCache/com.unity.visualscripting@191c0d7e3b69/Editor/VisualScripting.Core/Utilities/PackageVersionUtility.cs:31 
  at Unity.VisualScripting.BoltCoreManifest.get_version () [0x00000] in ./Library/PackageCache/com.unity.visualscripting@191c0d7e3b69/Editor/VisualScripting.Core/Plugin/BoltCoreManifest.cs:11 
  at Unity.VisualScripting.PluginManifest.get_currentVersion () [0x00000] in ./Library/PackageCache/com.unity.visualscripting@191c0d7e3b69/Editor/VisualScripting.Core/Plugins/PluginManifest.cs:33 
  at Unity.VisualScripting.PluginManifest.get_versionMismatch () [0x00000] in ./Library/PackageCache/com.unity.visualscripting@191c0d7e3b69/Editor/VisualScripting.Core/Plugins/PluginManifest.cs:48 
  at Unity.VisualScripting.PluginContainer.Initialize () [0x00525] in ./Library/PackageCache/com.unity.visualscripting@191c0d7e3b69/Editor/VisualScripting.Core/Plugins/PluginContainer.cs:208 
  at Unity.VisualScripting.PluginContainer.InitializeOnLoad () [0x00009] in ./Library/PackageCache/com.unity.visualscripting@191c0d7e3b69/Editor/VisualScripting.Core/Plugins/PluginContainer.cs:32 
  at Unity.VisualScripting.VSUsageUtility.DoInitializeOnLoadCalls () [0x00034] in ./Library/PackageCache/com.unity.visualscripting@191c0d7e3b69/Editor/VisualScripting.Core/Utilities/VSUsageUtility.cs:76 
  at Unity.VisualScripting.VSUsageUtility.set_isVisualScriptingUsed (System.Boolean value) [0x0002c] in ./Library/PackageCache/com.unity.visualscripting@191c0d7e3b69/Editor/VisualScripting.Core/Utilities/VSUsageUtility.cs:114 
  at Unity.VisualScripting.VSUsageUtility.CheckAndSetIsVisualScriptingUsed () [0x00032] in ./Library/PackageCache/com.unity.visualscripting@191c0d7e3b69/Editor/VisualScripting.Core/Utilities/VSUsageUtility.cs:48 
  at Unity.VisualScripting.VSUsageUtility..cctor () [0x00000] in ./Library/PackageCache/com.unity.visualscripting@191c0d7e3b69/Editor/VisualScripting.Core/Utilities/VSUsageUtility.cs:22 
UnityEngine.Debug:ExtractStackTraceNoAlloc (byte*,int,string)
UnityEngine.StackTraceUtility:ExtractStackTrace () (at /Users/bokken/build/output/unity/unity/Runtime/Export/Scripting/StackTrace.cs:35)
UnityEngine.DebugLogHandler:Internal_Log (UnityEngine.LogType,UnityEngine.LogOption,string,UnityEngine.Object)
UnityEngine.DebugLogHandler:LogFormat (UnityEngine.LogType,UnityEngine.Object,string,object[])
UnityEngine.Logger:Log (UnityEngine.LogType,object)
UnityEngine.Debug:LogError (object)
UnityEditor.EditorAssemblies:ProcessInitializeOnLoadAttributes (System.Type[]) (at /Users/bokken/build/output/unity/unity/Editor/Mono/EditorAssemblies.cs:132)

(Filename: /Users/bokken/build/output/unity/unity/Editor/Mono/EditorAssemblies.cs Line: 132)

ScheduleIndexationOnStartup MainProcess:False IndexOnStartup:True
Mono: successfully reloaded assembly
- Finished resetting the current domain, in  0.527 seconds
Domain Reload Profiling: 905ms
	BeginReloadAssembly (74ms)
		ExecutionOrderSort (0ms)
		DisableScriptedObjects (2ms)
		BackupInstance (0ms)
		ReleaseScriptingObjects (0ms)
		CreateAndSetChildDomain (11ms)
	RebuildCommonClasses (17ms)
	RebuildNativeTypeToScriptingClass (6ms)
	initialDomainReloadingComplete (14ms)
	LoadAllAssembliesAndSetupDomain (267ms)
		LoadAssemblies (182ms)
		RebuildTransferFunctionScriptingTraits (0ms)
		AnalyzeDomain (116ms)
			TypeCache.Refresh (88ms)
				TypeCache.ScanAssembly (71ms)
			BuildScriptInfoCaches (22ms)
			ResolveRequiredComponents (4ms)
	FinalizeReload (527ms)
		ReleaseScriptCaches (0ms)
		RebuildScriptCaches (0ms)
		SetupLoadedEditorAssemblies (440ms)
			LogAssemblyErrors (0ms)
			InitializePlatformSupportModulesInManaged (1ms)
			SetLoadedEditorAssemblies (2ms)
			BeforeProcessingInitializeOnLoad (63ms)
			ProcessInitializeOnLoadAttributes (345ms)
			ProcessInitializeOnLoadMethodAttributes (28ms)
			AfterProcessingInitializeOnLoad (1ms)
			EditorAssembliesLoaded (0ms)
		ExecutionOrderSort2 (0ms)
		AwakeInstancesAfterBackupRestoration (1ms)
WARNING: Shader Unsupported: 'Universal Render Pipeline/VR/SpatialMapping/Wireframe' - All subshaders removed
WARNING: Shader Did you use #pragma only_renderers and omit this platform?
WARNING: Shader If subshaders removal was intentional, you may have forgotten turning Fallback off?
WARNING: Shader Unsupported: 'Universal Render Pipeline/VR/SpatialMapping/Wireframe' - All subshaders removed
WARNING: Shader Did you use #pragma only_renderers and omit this platform?
WARNING: Shader If subshaders removal was intentional, you may have forgotten turning Fallback off?
Launching external process: /Applications/Unity/Hub/Editor/6000.3.8f1/Unity.app/Contents/Helpers/UnityShaderCompiler
Launched and connected shader compiler UnityShaderCompiler after 0.02 seconds
Refreshing native plugins compatible for Editor in 0.23 ms, found 1 plugins.
Preloading 0 native plugins for Editor in 0.00 ms.
Unloading 29 Unused Serialized files (Serialized files now loaded: 0)
Unloading 6336 unused Assets / (6.6 MB). Loaded Objects now: 7180.
Memory consumption went from 160.1 MB to 153.5 MB.
Total: 12.013750 ms (FindLiveObjects: 0.965542 ms CreateObjectMapping: 0.112083 ms MarkObjects: 9.450916 ms  DeleteObjects: 1.485000 ms)

========================================================================
Received Import Request.
  Time since last request: 42896.816608 seconds.
  path: Assets/UNSORTED/ithappy/Cartoon_City_Free/Prefabs/Vegetation
  artifactKey: Guid(5a0a67b216a28ad4da07db7ce32664af) Importer(2089858483,b0f066a214c2f5e87bad3c948f4d605d)
Start importing Assets/UNSORTED/ithappy/Cartoon_City_Free/Prefabs/Vegetation using Guid(5a0a67b216a28ad4da07db7ce32664af) Importer(2089858483,b0f066a214c2f5e87bad3c948f4d605d) (ScriptedImporter) -> (artifact id: 'b9b16c0adbb98fe5b56aab978234aa7a') in 0.021235125 seconds
Number of updated asset objects reloaded before import = 0Number of asset objects unloaded after import = 1

========================================================================
Received Import Request.
  Time since last request: 0.000292 seconds.
  path: Assets/UNSORTED/ithappy/Cartoon_City_Free/Meshes/Vegetation/Bush_06.fbx
  artifactKey: Guid(d3780c326a06e5c498bf24f28ffb030f) Importer(2089858483,b0f066a214c2f5e87bad3c948f4d605d)
Start importing Assets/UNSORTED/ithappy/Cartoon_City_Free/Meshes/Vegetation/Bush_06.fbx using Guid(d3780c326a06e5c498bf24f28ffb030f) Importer(2089858483,b0f066a214c2f5e87bad3c948f4d605d) (ScriptedImporter) -> (artifact id: 'f236c84bf9eda5e6772f94e6940354e0') in 0.048187833 seconds
Number of updated asset objects reloaded before import = 0Number of asset objects unloaded after import = 8

========================================================================
Received Import Request.
  Time since last request: 0.000053 seconds.
  path: Assets/UNSORTED/ithappy/Cartoon_City_Free/Prefabs/Buildings/Eco_Building_Terrace_NightLight.prefab
  artifactKey: Guid(ade3f441d04146e41b543404123042e3) Importer(2089858483,b0f066a214c2f5e87bad3c948f4d605d)
Start importing Assets/UNSORTED/ithappy/Cartoon_City_Free/Prefabs/Buildings/Eco_Building_Terrace_NightLight.prefab using Guid(ade3f441d04146e41b543404123042e3) Importer(2089858483,b0f066a214c2f5e87bad3c948f4d605d) (ScriptedImporter) -> (artifact id: '2a5b050e0a6542122e97e4e00ad48171') in 0.0068245 seconds
Number of updated asset objects reloaded before import = 0Number of asset objects unloaded after import = 15

========================================================================
Received Import Request.
  Time since last request: 0.000047 seconds.
  path: Assets/UNSORTED/ithappy/Cartoon_City_Free/Meshes/Sidewalks
  artifactKey: Guid(90f368be722d5214cbb7b21ececf9684) Importer(2089858483,b0f066a214c2f5e87bad3c948f4d605d)
Start importing Assets/UNSORTED/ithappy/Cartoon_City_Free/Meshes/Sidewalks using Guid(90f368be722d5214cbb7b21ececf9684) Importer(2089858483,b0f066a214c2f5e87bad3c948f4d605d) (ScriptedImporter) -> (artifact id: 'ddd0247530c1b2536c88ccee51aabfdc') in 0.001282709 seconds
Number of updated asset objects reloaded before import = 0Number of asset objects unloaded after import = 1

========================================================================
Received Import Request.
  Time since last request: 0.000100 seconds.
  path: Assets/UNSORTED/ithappy/Cartoon_City_Free/Prefabs/Cars/Futuristic_Car_1_Wheel_Front_Right.prefab
  artifactKey: Guid(790f77458f55cad4cbcd89434831016a) Importer(2089858483,b0f066a214c2f5e87bad3c948f4d605d)
Start importing Assets/UNSORTED/ithappy/Cartoon_City_Free/Prefabs/Cars/Futuristic_Car_1_Wheel_Front_Right.prefab using Guid(790f77458f55cad4cbcd89434831016a) Importer(2089858483,b0f066a214c2f5e87bad3c948f4d605d) (ScriptedImporter) -> (artifact id: '0a14f6083ba44e67582754924c0c9f0f') in 0.004171542 seconds
Number of updated asset objects reloaded before import = 0Number of asset objects unloaded after import = 16

========================================================================
Received Import Request.
  Time since last request: 0.000090 seconds.
  path: Assets/UNSORTED/ithappy/Cartoon_City_Free/Render_Pipeline_Convert
  artifactKey: Guid(629767f993200264894cd0027c6abaa2) Importer(2089858483,b0f066a214c2f5e87bad3c948f4d605d)
Start importing Assets/UNSORTED/ithappy/Cartoon_City_Free/Render_Pipeline_Convert using Guid(629767f993200264894cd0027c6abaa2) Importer(2089858483,b0f066a214c2f5e87bad3c948f4d605d) (ScriptedImporter) -> (artifact id: 'afb98be46f13ff1a70f6a0ad5e43b5fc') in 0.001029541 seconds
Number of updated asset objects reloaded before import = 0Number of asset objects unloaded after import = 1

========================================================================
Received Import Request.
  Time since last request: 0.000096 seconds.
  path: Assets/UNSORTED/ithappy/Cartoon_City_Free/Meshes/Props/Trash_05.fbx
  artifactKey: Guid(86214ef1f259665448fa0a0f654b40fb) Importer(2089858483,b0f066a214c2f5e87bad3c948f4d605d)
Start importing Assets/UNSORTED/ithappy/Cartoon_City_Free/Meshes/Props/Trash_05.fbx using Guid(86214ef1f259665448fa0a0f654b40fb) Importer(2089858483,b0f066a214c2f5e87bad3c948f4d605d) (ScriptedImporter) -> (artifact id: '7db32061771bb2c0c751d3e895fd6fed') in 0.00328325 seconds
Number of updated asset objects reloaded before import = 0Number of asset objects unloaded after import = 8

========================================================================
Received Import Request.
  Time since last request: 0.000057 seconds.
  path: Assets/UNSORTED/ithappy/Cartoon_City_Free/Prefabs/Roads/road_020.prefab
  artifactKey: Guid(b754f16055519ef45918e12fc55da733) Importer(2089858483,b0f066a214c2f5e87bad3c948f4d605d)
Start importing Assets/UNSORTED/ithappy/Cartoon_City_Free/Prefabs/Roads/road_020.prefab using Guid(b754f16055519ef45918e12fc55da733) Importer(2089858483,b0f066a214c2f5e87bad3c948f4d605d) (ScriptedImporter) -> (artifact id: 'c1c4d177f8f802e7666a37f75117f61d') in 0.006195833 seconds
Number of updated asset objects reloaded before import = 0Number of asset objects unloaded after import = 16

========================================================================
Received Import Request.
  Time since last request: 0.000069 seconds.
  path: Assets/UNSORTED/ithappy/Cartoon_City_Free/Meshes/Buildings/Regular_Building_TwistedTower_Large.fbx
  artifactKey: Guid(5ad1e8956f71756468882084f38069be) Importer(2089858483,b0f066a214c2f5e87bad3c948f4d605d)
Start importing Assets/UNSORTED/ithappy/Cartoon_City_Free/Meshes/Buildings/Regular_Building_TwistedTower_Large.fbx using Guid(5ad1e8956f71756468882084f38069be) Importer(2089858483,b0f066a214c2f5e87bad3c948f4d605d) (ScriptedImporter) -> (artifact id: '43d90360413af106ca2305e19fa0e855') in 0.003585083 seconds
Number of updated asset objects reloaded before import = 0Number of asset objects unloaded after import = 9

========================================================================
Received Import Request.
  Time since last request: 0.000039 seconds.
  path: Assets/UNSORTED/ithappy/Cartoon_City_Free/Scenes
  artifactKey: Guid(5bdb40a6056afd241bd988516a3df837) Importer(2089858483,b0f066a214c2f5e87bad3c948f4d605d)
Start importing Assets/UNSORTED/ithappy/Cartoon_City_Free/Scenes using Guid(5bdb40a6056afd241bd988516a3df837) Importer(2089858483,b0f066a214c2f5e87bad3c948f4d605d) (ScriptedImporter) -> (artifact id: '1e4e81402f6756710e218af053af36c9') in 0.001156459 seconds
Number of updated asset objects reloaded before import = 0Number of asset objects unloaded after import = 1

========================================================================
Received Import Request.
  Time since last request: 0.000036 seconds.
  path: Assets/UNSORTED/ithappy/Cartoon_City_Free/Meshes/Cars/Car_16_Wheel_Rear_Left.fbx
  artifactKey: Guid(87c4d1254467ea54d938f9b50c56871a) Importer(2089858483,b0f066a214c2f5e87bad3c948f4d605d)
Start importing Assets/UNSORTED/ithappy/Cartoon_City_Free/Meshes/Cars/Car_16_Wheel_Rear_Left.fbx using Guid(87c4d1254467ea54d938f9b50c56871a) Importer(2089858483,b0f066a214c2f5e87bad3c948f4d605d) (ScriptedImporter) -> (artifact id: '8a85778b30ac7a5f79996a999e40a175') in 0.004549958 seconds
Number of updated asset objects reloaded before import = 0Number of asset objects unloaded after import = 9

========================================================================
Received Import Request.
  Time since last request: 0.000089 seconds.
  path: Assets/UNSORTED/ithappy/Cartoon_City_Free/Meshes/Cars/Car_13_Wheel_Front_Right.fbx
  artifactKey: Guid(12302ea147efc32449012dfb307b9853) Importer(2089858483,b0f066a214c2f5e87bad3c948f4d605d)
Start importing Assets/UNSORTED/ithappy/Cartoon_City_Free/Meshes/Cars/Car_13_Wheel_Front_Right.fbx using Guid(12302ea147efc32449012dfb307b9853) Importer(2089858483,b0f066a214c2f5e87bad3c948f4d605d) (ScriptedImporter) -> (artifact id: 'c86f4155af325f3604196cfdd8c6a882') in 0.003493666 seconds
Number of updated asset objects reloaded before import = 0Number of asset objects unloaded after import = 9

========================================================================
Received Import Request.
  Time since last request: 0.000118 seconds.
  path: Assets/UNSORTED/ithappy/Cartoon_City_Free/Meshes/Roads
  artifactKey: Guid(ce1f9a4fc07564347985274b4cecda6a) Importer(2089858483,b0f066a214c2f5e87bad3c948f4d605d)
Start importing Assets/UNSORTED/ithappy/Cartoon_City_Free/Meshes/Roads using Guid(ce1f9a4fc07564347985274b4cecda6a) Importer(2089858483,b0f066a214c2f5e87bad3c948f4d605d) (ScriptedImporter) -> (artifact id: 'c30684e9419fc561bdd65aa8d34c548c') in 0.00108075 seconds
Number of updated asset objects reloaded before import = 0Number of asset objects unloaded after import = 1

========================================================================
Received Import Request.
  Time since last request: 0.000121 seconds.
  path: Assets/UNSORTED/ithappy/Cartoon_City_Free/Prefabs/Sidewalks
  artifactKey: Guid(f4b00fc5816b0a641b5fe66a0d8564b9) Importer(2089858483,b0f066a214c2f5e87bad3c948f4d605d)
Start importing Assets/UNSORTED/ithappy/Cartoon_City_Free/Prefabs/Sidewalks using Guid(f4b00fc5816b0a641b5fe66a0d8564b9) Importer(2089858483,b0f066a214c2f5e87bad3c948f4d605d) (ScriptedImporter) -> (artifact id: '051af74934086e3cd19aebe60522475d') in 0.001425417 seconds
Number of updated asset objects reloaded before import = 0Number of asset objects unloaded after import = 1

========================================================================
Received Import Request.
  Time since last request: 0.000087 seconds.
  path: Assets/UNSORTED/ithappy/Cartoon_City_Free/Meshes/Props/Trash_Can_06.fbx
  artifactKey: Guid(a43e6524b249a7d4ab7c99a5d9bdfd8d) Importer(2089858483,b0f066a214c2f5e87bad3c948f4d605d)
Start importing Assets/UNSORTED/ithappy/Cartoon_City_Free/Meshes/Props/Trash_Can_06.fbx using Guid(a43e6524b249a7d4ab7c99a5d9bdfd8d) Importer(2089858483,b0f066a214c2f5e87bad3c948f4d605d) (ScriptedImporter) -> (artifact id: '33a256ebb83850de6f41559c80b0b3cc') in 0.00364425 seconds
Number of updated asset objects reloaded before import = 0Number of asset objects unloaded after import = 8

========================================================================
Received Import Request.
  Time since last request: 0.000104 seconds.
  path: Assets/UNSORTED/ithappy/Cartoon_City_Free/Meshes/Buildings/Eco_Building_Slope.fbx
  artifactKey: Guid(59893081cd3aace4d931c7d89326f2d7) Importer(2089858483,b0f066a214c2f5e87bad3c948f4d605d)
Start importing Assets/UNSORTED/ithappy/Cartoon_City_Free/Meshes/Buildings/Eco_Building_Slope.fbx using Guid(59893081cd3aace4d931c7d89326f2d7) Importer(2089858483,b0f066a214c2f5e87bad3c948f4d605d) (ScriptedImporter) -> (artifact id: '84eb95ec390c10677300b77f56936371') in 0.004787917 seconds
Number of updated asset objects reloaded before import = 0Number of asset objects unloaded after import = 10

========================================================================
Received Import Request.
  Time since last request: 0.000110 seconds.
  path: Assets/UNSORTED/ithappy/Cartoon_City_Free/Prefabs
  artifactKey: Guid(b0a9cbb7be0d3c04e963df5fd4c146a8) Importer(2089858483,b0f066a214c2f5e87bad3c948f4d605d)
Start importing Assets/UNSORTED/ithappy/Cartoon_City_Free/Prefabs using Guid(b0a9cbb7be0d3c04e963df5fd4c146a8) Importer(2089858483,b0f066a214c2f5e87bad3c948f4d605d) (ScriptedImporter) -> (artifact id: '73b5c5c5d15f3117a5bd05c277547947') in 0.001207416 seconds
Number of updated asset objects reloaded before import = 0Number of asset objects unloaded after import = 1

========================================================================
Received Import Request.
  Time since last request: 0.000166 seconds.
  path: Assets/UNSORTED/ithappy/Cartoon_City_Free/Materials/Tile_1.mat
  artifactKey: Guid(bc55c3d1adbcb0c458f787ae522d6e08) Importer(2089858483,b0f066a214c2f5e87bad3c948f4d605d)
Start importing Assets/UNSORTED/ithappy/Cartoon_City_Free/Materials/Tile_1.mat using Guid(bc55c3d1adbcb0c458f787ae522d6e08) Importer(2089858483,b0f066a214c2f5e87bad3c948f4d605d) (ScriptedImporter) -> (artifact id: '57798b5a06560316f038423774d09fd6') in 0.0165535 seconds
Number of updated asset objects reloaded before import = 0Number of asset objects unloaded after import = 4

========================================================================
Received Import Request.
  Time since last request: 0.000045 seconds.
  path: Assets/UNSORTED/ithappy/Cartoon_City_Free/Scenes/Built-In_Scenes
  artifactKey: Guid(20b47eaab9455ff4eb932926519ed02a) Importer(2089858483,b0f066a214c2f5e87bad3c948f4d605d)
Start importing Assets/UNSORTED/ithappy/Cartoon_City_Free/Scenes/Built-In_Scenes using Guid(20b47eaab9455ff4eb932926519ed02a) Importer(2089858483,b0f066a214c2f5e87bad3c948f4d605d) (ScriptedImporter) -> (artifact id: '0f67de803f161564f52cf3deb5947584') in 0.00103925 seconds
Number of updated asset objects reloaded before import = 0Number of asset objects unloaded after import = 1

========================================================================
Received Import Request.
  Time since last request: 0.000084 seconds.
  path: Assets/UNSORTED/ithappy
  artifactKey: Guid(a872eca07f57c6b44ad843e072bde402) Importer(2089858483,b0f066a214c2f5e87bad3c948f4d605d)
Start importing Assets/UNSORTED/ithappy using Guid(a872eca07f57c6b44ad843e072bde402) Importer(2089858483,b0f066a214c2f5e87bad3c948f4d605d) (ScriptedImporter) -> (artifact id: '3014fbe21ee86c621fe8420dece2bbac') in 0.001274292 seconds
Number of updated asset objects reloaded before import = 0Number of asset objects unloaded after import = 1

========================================================================
Received Import Request.
  Time since last request: 0.000038 seconds.
  path: Assets/UNSORTED/ithappy/Cartoon_City_Free/Prefabs/Props/Trash_Can_05.prefab
  artifactKey: Guid(19af21d258a8130459739f831d4562d2) Importer(2089858483,b0f066a214c2f5e87bad3c948f4d605d)
Start importing Assets/UNSORTED/ithappy/Cartoon_City_Free/Prefabs/Props/Trash_Can_05.prefab using Guid(19af21d258a8130459739f831d4562d2) Importer(2089858483,b0f066a214c2f5e87bad3c948f4d605d) (ScriptedImporter) -> (artifact id: '202f58f53c9190f8557384247b8e7702') in 0.00412025 seconds
Number of updated asset objects reloaded before import = 0Number of asset objects unloaded after import = 15

========================================================================
Received Import Request.
  Time since last request: 0.000057 seconds.
  path: Assets/UNSORTED/ithappy/Cartoon_City_Free/Materials/Billboard.mat
  artifactKey: Guid(0b2b9c45cb3bd5e409e71d1de2e94eb1) Importer(2089858483,b0f066a214c2f5e87bad3c948f4d605d)
Start importing Assets/UNSORTED/ithappy/Cartoon_City_Free/Materials/Billboard.mat using Guid(0b2b9c45cb3bd5e409e71d1de2e94eb1) Importer(2089858483,b0f066a214c2f5e87bad3c948f4d605d) (ScriptedImporter) -> (artifact id: '5d83ecb4fa900e0ba1c3f7c01586570b') in 0.004274417 seconds
Number of updated asset objects reloaded before import = 0Number of asset objects unloaded after import = 2

========================================================================
Received Import Request.
  Time since last request: 0.000034 seconds.
  path: Assets/UNSORTED/ithappy/Cartoon_City_Free/Prefabs/Props/traffic_light_002.prefab
  artifactKey: Guid(5291c7018d8f7764e910b3e4dc258a39) Importer(2089858483,b0f066a214c2f5e87bad3c948f4d605d)
Start importing Assets/UNSORTED/ithappy/Cartoon_City_Free/Prefabs/Props/traffic_light_002.prefab using Guid(5291c7018d8f7764e910b3e4dc258a39) Importer(2089858483,b0f066a214c2f5e87bad3c948f4d605d) (ScriptedImporter) -> (artifact id: '57ea003315823bca60d6e6f596835440') in 0.003586792 seconds
Number of updated asset objects reloaded before import = 0Number of asset objects unloaded after import = 17

========================================================================
Received Import Request.
  Time since last request: 0.000077 seconds.
  path: Assets/UNSORTED/ithappy/Cartoon_City_Free/Scenes/HDRP_Scenes/Demonstration.unity
  artifactKey: Guid(386f27743137a894a8910fdccd5fd16a) Importer(2089858483,b0f066a214c2f5e87bad3c948f4d605d)
Start importing Assets/UNSORTED/ithappy/Cartoon_City_Free/Scenes/HDRP_Scenes/Demonstration.unity using Guid(386f27743137a894a8910fdccd5fd16a) Importer(2089858483,b0f066a214c2f5e87bad3c948f4d605d) (ScriptedImporter) -> (artifact id: '795e52da748ef97fcdb3ab0e7779f3d6') in 0.007577625 seconds
Number of updated asset objects reloaded before import = 0Number of asset objects unloaded after import = 1

========================================================================
Received Import Request.
  Time since last request: 0.000057 seconds.
  path: Assets/UNSORTED/ithappy/Cartoon_City_Free/Prefabs/Roads/road_013.prefab
  artifactKey: Guid(c5f26c4ca72902e4ab3f73d2440e256f) Importer(2089858483,b0f066a214c2f5e87bad3c948f4d605d)
Start importing Assets/UNSORTED/ithappy/Cartoon_City_Free/Prefabs/Roads/road_013.prefab using Guid(c5f26c4ca72902e4ab3f73d2440e256f) Importer(2089858483,b0f066a214c2f5e87bad3c948f4d605d) (ScriptedImporter) -> (artifact id: '6ba99322816b2c7c9d6af57feb73b6c7') in 0.002695583 seconds
Number of updated asset objects reloaded before import = 0Number of asset objects unloaded after import = 16

========================================================================
Received Import Request.
  Time since last request: 0.000040 seconds.
  path: Assets/UNSORTED/ithappy/Cartoon_City_Free/Prefabs/Sidewalks/Set_B_Tiles_05.prefab
  artifactKey: Guid(dc010488c79022e489f975537f336766) Importer(2089858483,b0f066a214c2f5e87bad3c948f4d605d)
Start importing Assets/UNSORTED/ithappy/Cartoon_City_Free/Prefabs/Sidewalks/Set_B_Tiles_05.prefab using Guid(dc010488c79022e489f975537f336766) Importer(2089858483,b0f066a214c2f5e87bad3c948f4d605d) (ScriptedImporter) -> (artifact id: '0c2bb20ea4962dc403b6f1da1eeb1412') in 0.002877333 seconds
Number of updated asset objects reloaded before import = 0Number of asset objects unloaded after import = 18

========================================================================
Received Import Request.
  Time since last request: 0.000096 seconds.
  path: Assets/UNSORTED/ithappy/Cartoon_City_Free/Meshes/Props/Trash_Can_04.fbx
  artifactKey: Guid(299978e849216b0489ce49ddf994e374) Importer(2089858483,b0f066a214c2f5e87bad3c948f4d605d)
Start importing Assets/UNSORTED/ithappy/Cartoon_City_Free/Meshes/Props/Trash_Can_04.fbx using Guid(299978e849216b0489ce49ddf994e374) Importer(2089858483,b0f066a214c2f5e87bad3c948f4d605d) (ScriptedImporter) -> (artifact id: '2866d054a545654598272ab2e7eabd82') in 0.003533917 seconds
Number of updated asset objects reloaded before import = 0Number of asset objects unloaded after import = 8

========================================================================
Received Import Request.
  Time since last request: 0.000045 seconds.
  path: Assets/UNSORTED/ithappy/Cartoon_City_Free/Prefabs/Roads/road_009.prefab
  artifactKey: Guid(90c39d39c7904474ea2554288d4018da) Importer(2089858483,b0f066a214c2f5e87bad3c948f4d605d)
Start importing Assets/UNSORTED/ithappy/Cartoon_City_Free/Prefabs/Roads/road_009.prefab using Guid(90c39d39c7904474ea2554288d4018da) Importer(2089858483,b0f066a214c2f5e87bad3c948f4d605d) (ScriptedImporter) -> (artifact id: 'f38e25f769e358f70e7d364b4de635b2') in 0.003468166 seconds
Number of updated asset objects reloaded before import = 0Number of asset objects unloaded after import = 16

========================================================================
Received Import Request.
  Time since last request: 0.000032 seconds.
  path: Assets/UNSORTED/ithappy/Cartoon_City_Free/Meshes/Props/Bus_Stop_02.fbx
  artifactKey: Guid(32d12c0adec3be34c833ce92024b170f) Importer(2089858483,b0f066a214c2f5e87bad3c948f4d605d)
Start importing Assets/UNSORTED/ithappy/Cartoon_City_Free/Meshes/Props/Bus_Stop_02.fbx using Guid(32d12c0adec3be34c833ce92024b170f) Importer(2089858483,b0f066a214c2f5e87bad3c948f4d605d) (ScriptedImporter) -> (artifact id: 'bdd70714652fff254f27d8d9581c38fd') in 0.00355475 seconds
Number of updated asset objects reloaded before import = 0Number of asset objects unloaded after import = 9

========================================================================
Received Import Request.
  Time since last request: 0.000121 seconds.
  path: Assets/UNSORTED/ithappy/Cartoon_City_Free/Prefabs/Cars/Car_13_Wheel_Front_Right.prefab
  artifactKey: Guid(c9166299cd4a387478e0b9e6aa559634) Importer(2089858483,b0f066a214c2f5e87bad3c948f4d605d)
Start importing Assets/UNSORTED/ithappy/Cartoon_City_Free/Prefabs/Cars/Car_13_Wheel_Front_Right.prefab using Guid(c9166299cd4a387478e0b9e6aa559634) Importer(2089858483,b0f066a214c2f5e87bad3c948f4d605d) (ScriptedImporter) -> (artifact id: 'e3328fa1e081cd55c1bae4a8f954ca89') in 0.002633958 seconds
Number of updated asset objects reloaded before import = 0Number of asset objects unloaded after import = 16

========================================================================
Received Import Request.
  Time since last request: 0.000036 seconds.
  path: Assets/UNSORTED/ithappy/Cartoon_City_Free/Prefabs/Props/Trash_02.prefab
  artifactKey: Guid(dd36400a9b587374c8784011cfc70a09) Importer(2089858483,b0f066a214c2f5e87bad3c948f4d605d)
Start importing Assets/UNSORTED/ithappy/Cartoon_City_Free/Prefabs/Props/Trash_02.prefab using Guid(dd36400a9b587374c8784011cfc70a09) Importer(2089858483,b0f066a214c2f5e87bad3c948f4d605d) (ScriptedImporter) -> (artifact id: '2bddc3f4caba9504ac0f8e9fa0dc3b88') in 0.00476275 seconds
Number of updated asset objects reloaded before import = 0Number of asset objects unloaded after import = 15

========================================================================
Received Import Request.
  Time since last request: 0.000044 seconds.
  path: Assets/UNSORTED/ithappy/Cartoon_City_Free/Meshes/Cars/Car_16_Wheel_Front_Left.fbx
  artifactKey: Guid(d32f870ade4f6e743899a61e47ef64de) Importer(2089858483,b0f066a214c2f5e87bad3c948f4d605d)
Start importing Assets/UNSORTED/ithappy/Cartoon_City_Free/Meshes/Cars/Car_16_Wheel_Front_Left.fbx using Guid(d32f870ade4f6e743899a61e47ef64de) Importer(2089858483,b0f066a214c2f5e87bad3c948f4d605d) (ScriptedImporter) -> (artifact id: '53743df6ce81df34a4acf6d27e855632') in 0.003417458 seconds
Number of updated asset objects reloaded before import = 0Number of asset objects unloaded after import = 9

========================================================================
Received Import Request.
  Time since last request: 0.000033 seconds.
  path: Assets/UNSORTED/ithappy/Cartoon_City_Free/Prefabs/Billboards/Billboard_4x1_04_Line.prefab
  artifactKey: Guid(d157693b1fa694b4f9faf45dc1fef831) Importer(2089858483,b0f066a214c2f5e87bad3c948f4d605d)
Start importing Assets/UNSORTED/ithappy/Cartoon_City_Free/Prefabs/Billboards/Billboard_4x1_04_Line.prefab using Guid(d157693b1fa694b4f9faf45dc1fef831) Importer(2089858483,b0f066a214c2f5e87bad3c948f4d605d) (ScriptedImporter) -> (artifact id: 'be54caabac1a57b50da318db46647ae3') in 0.003480459 seconds
Number of updated asset objects reloaded before import = 0Number of asset objects unloaded after import = 15

========================================================================
Received Import Request.
  Time since last request: 0.000045 seconds.
  path: Assets/UNSORTED/ithappy/Cartoon_City_Free/Prefabs/Cars/Futuristic_Car_1_Wheel_Front_Left.prefab
  artifactKey: Guid(ae5b730a6a6b5b54d9212c50046ef298) Importer(2089858483,b0f066a214c2f5e87bad3c948f4d605d)
Start importing Assets/UNSORTED/ithappy/Cartoon_City_Free/Prefabs/Cars/Futuristic_Car_1_Wheel_Front_Left.prefab using Guid(ae5b730a6a6b5b54d9212c50046ef298) Importer(2089858483,b0f066a214c2f5e87bad3c948f4d605d) (ScriptedImporter) -> (artifact id: '6859ecf425ac58671c06849cfc1b1524') in 0.002725125 seconds
Number of updated asset objects reloaded before import = 0Number of asset objects unloaded after import = 16

========================================================================
Received Import Request.
  Time since last request: 0.000044 seconds.
  path: Assets/UNSORTED/ithappy/Cartoon_City_Free/Meshes/Billboards/Billboard_2x1_03.fbx
  artifactKey: Guid(38ece1fa3545976429f08a93a8a60000) Importer(2089858483,b0f066a214c2f5e87bad3c948f4d605d)
Start importing Assets/UNSORTED/ithappy/Cartoon_City_Free/Meshes/Billboards/Billboard_2x1_03.fbx using Guid(38ece1fa3545976429f08a93a8a60000) Importer(2089858483,b0f066a214c2f5e87bad3c948f4d605d) (ScriptedImporter) -> (artifact id: '6854dfe7de8a44f80399696f06da6189') in 0.002843667 seconds
Number of updated asset objects reloaded before import = 0Number of asset objects unloaded after import = 9

========================================================================
Received Import Request.
  Time since last request: 0.000074 seconds.
  path: Assets/UNSORTED/ithappy/Cartoon_City_Free/Textures/Banners.png
  artifactKey: Guid(db309e471ff21ee42b17a30966d6135d) Importer(2089858483,b0f066a214c2f5e87bad3c948f4d605d)
Start importing Assets/UNSORTED/ithappy/Cartoon_City_Free/Textures/Banners.png using Guid(db309e471ff21ee42b17a30966d6135d) Importer(2089858483,b0f066a214c2f5e87bad3c948f4d605d) (ScriptedImporter) -> (artifact id: '78758d1829754c327726474357bfec11') in 0.01688675 seconds
Number of updated asset objects reloaded before import = 0Number of asset objects unloaded after import = 1

========================================================================
Received Import Request.
  Time since last request: 0.000047 seconds.
  path: Assets/UNSORTED/ithappy/Cartoon_City_Free/Textures/Roads.png
  artifactKey: Guid(55c860cb239cda8458873fb6319e4442) Importer(2089858483,b0f066a214c2f5e87bad3c948f4d605d)
Start importing Assets/UNSORTED/ithappy/Cartoon_City_Free/Textures/Roads.png using Guid(55c860cb239cda8458873fb6319e4442) Importer(2089858483,b0f066a214c2f5e87bad3c948f4d605d) (ScriptedImporter) -> (artifact id: '03d8db065f5dd8a352fd7f8a11d6228e') in 0.004730208 seconds
Number of updated asset objects reloaded before import = 0Number of asset objects unloaded after import = 1

========================================================================
Received Import Request.
  Time since last request: 0.000035 seconds.
  path: Assets/UNSORTED/ithappy/Cartoon_City_Free/Prefabs/Vegetation/Bush_10.prefab
  artifactKey: Guid(211ee66cf2cc2f444b0ad19bae4e999a) Importer(2089858483,b0f066a214c2f5e87bad3c948f4d605d)
Start importing Assets/UNSORTED/ithappy/Cartoon_City_Free/Prefabs/Vegetation/Bush_10.prefab using Guid(211ee66cf2cc2f444b0ad19bae4e999a) Importer(2089858483,b0f066a214c2f5e87bad3c948f4d605d) (ScriptedImporter) -> (artifact id: '4b975b8c43c37c9c5571f9bfd0b708fb') in 0.003059083 seconds
Number of updated asset objects reloaded before import = 0Number of asset objects unloaded after import = 15

========================================================================
Received Import Request.
  Time since last request: 0.000087 seconds.
  path: Assets/UNSORTED/ithappy/Cartoon_City_Free/Textures/Scrolling_Text.png
  artifactKey: Guid(9c10b98b1333c06418e516dac661742b) Importer(2089858483,b0f066a214c2f5e87bad3c948f4d605d)
Start importing Assets/UNSORTED/ithappy/Cartoon_City_Free/Textures/Scrolling_Text.png using Guid(9c10b98b1333c06418e516dac661742b) Importer(2089858483,b0f066a214c2f5e87bad3c948f4d605d) (ScriptedImporter) -> (artifact id: '09f8c1a843392f1c5fc47b6ae8568a7f') in 0.004030792 seconds
Number of updated asset objects reloaded before import = 0Number of asset objects unloaded after import = 1

========================================================================
Received Import Request.
  Time since last request: 0.000037 seconds.
  path: Assets/UNSORTED/ithappy/Cartoon_City_Free/Prefabs/Props/Trash_03.prefab
  artifactKey: Guid(25c809c91de3f8e4f86a1b5b98243795) Importer(2089858483,b0f066a214c2f5e87bad3c948f4d605d)
Start importing Assets/UNSORTED/ithappy/Cartoon_City_Free/Prefabs/Props/Trash_03.prefab using Guid(25c809c91de3f8e4f86a1b5b98243795) Importer(2089858483,b0f066a214c2f5e87bad3c948f4d605d) (ScriptedImporter) -> (artifact id: '2c1fc5f00ead571966c1fa5f04916940') in 0.003413792 seconds
Number of updated asset objects reloaded before import = 0Number of asset objects unloaded after import = 15

========================================================================
Received Import Request.
  Time since last request: 0.000052 seconds.
  path: Assets/UNSORTED/ithappy/Cartoon_City_Free/Prefabs/Props/traffic_light_003.prefab
  artifactKey: Guid(2844c5493ff643d4aad2cbc9563b1f4b) Importer(2089858483,b0f066a214c2f5e87bad3c948f4d605d)
Start importing Assets/UNSORTED/ithappy/Cartoon_City_Free/Prefabs/Props/traffic_light_003.prefab using Guid(2844c5493ff643d4aad2cbc9563b1f4b) Importer(2089858483,b0f066a214c2f5e87bad3c948f4d605d) (ScriptedImporter) -> (artifact id: 'd476cba5bc2b0996842bf368600565c9') in 0.006449292 seconds
Number of updated asset objects reloaded before import = 0Number of asset objects unloaded after import = 17

========================================================================
Received Import Request.
  Time since last request: 0.000099 seconds.
  path: Assets/UNSORTED/ithappy/Cartoon_City_Free/Meshes/Roads/road_019.fbx
  artifactKey: Guid(52e87dba28b205f448b4efaeaad27eb5) Importer(2089858483,b0f066a214c2f5e87bad3c948f4d605d)
Start importing Assets/UNSORTED/ithappy/Cartoon_City_Free/Meshes/Roads/road_019.fbx using Guid(52e87dba28b205f448b4efaeaad27eb5) Importer(2089858483,b0f066a214c2f5e87bad3c948f4d605d) (ScriptedImporter) -> (artifact id: '610ad11c5878be5f841c83e3b08eda9c') in 0.002925833 seconds
Number of updated asset objects reloaded before import = 0Number of asset objects unloaded after import = 9

========================================================================
Received Import Request.
  Time since last request: 0.000052 seconds.
  path: Assets/UNSORTED/ithappy/Cartoon_City_Free/Textures/Texture.png
  artifactKey: Guid(0434c868c51549a40ad0364e73eaa409) Importer(2089858483,b0f066a214c2f5e87bad3c948f4d605d)
Start importing Assets/UNSORTED/ithappy/Cartoon_City_Free/Textures/Texture.png using Guid(0434c868c51549a40ad0364e73eaa409) Importer(2089858483,b0f066a214c2f5e87bad3c948f4d605d) (ScriptedImporter) -> (artifact id: 'a669928960d14f5ef03075d6988c1d50') in 0.003054042 seconds
Number of updated asset objects reloaded before import = 0Number of asset objects unloaded after import = 1

========================================================================
Received Import Request.
  Time since last request: 0.000035 seconds.
  path: Assets/UNSORTED/ithappy/Cartoon_City_Free/Meshes/Props/traffic_light_003.fbx
  artifactKey: Guid(19dd178abe49b7742b628aaeb77757a6) Importer(2089858483,b0f066a214c2f5e87bad3c948f4d605d)
Start importing Assets/UNSORTED/ithappy/Cartoon_City_Free/Meshes/Props/traffic_light_003.fbx using Guid(19dd178abe49b7742b628aaeb77757a6) Importer(2089858483,b0f066a214c2f5e87bad3c948f4d605d) (ScriptedImporter) -> (artifact id: '8c077104ff9a261596fb4c64654527b3') in 0.004571 seconds
Number of updated asset objects reloaded before import = 0Number of asset objects unloaded after import = 10

========================================================================
Received Import Request.
  Time since last request: 0.000044 seconds.
  path: Assets/UNSORTED/ithappy/Cartoon_City_Free/Meshes/Cars/Car_16_Wheel_Rear_Right.fbx
  artifactKey: Guid(749df33a899b78c4793437e51b22ef68) Importer(2089858483,b0f066a214c2f5e87bad3c948f4d605d)
Start importing Assets/UNSORTED/ithappy/Cartoon_City_Free/Meshes/Cars/Car_16_Wheel_Rear_Right.fbx using Guid(749df33a899b78c4793437e51b22ef68) Importer(2089858483,b0f066a214c2f5e87bad3c948f4d605d) (ScriptedImporter) -> (artifact id: '1e67f146997b50a341193416154ef121') in 0.004015416 seconds
Number of updated asset objects reloaded before import = 0Number of asset objects unloaded after import = 9

========================================================================
Received Import Request.
  Time since last request: 0.000060 seconds.
  path: Assets/UNSORTED/ithappy/Cartoon_City_Free/Meshes/Cars/Van_Wheel_Front_Left.fbx
  artifactKey: Guid(d2b9a77a94503754abad4a78c57ca1d3) Importer(2089858483,b0f066a214c2f5e87bad3c948f4d605d)
Start importing Assets/UNSORTED/ithappy/Cartoon_City_Free/Meshes/Cars/Van_Wheel_Front_Left.fbx using Guid(d2b9a77a94503754abad4a78c57ca1d3) Importer(2089858483,b0f066a214c2f5e87bad3c948f4d605d) (ScriptedImporter) -> (artifact id: 'b0b2369f879d059773d0a654098f51b3') in 0.003645291 seconds
Number of updated asset objects reloaded before import = 0Number of asset objects unloaded after import = 9

========================================================================
Received Import Request.
  Time since last request: 0.000050 seconds.
  path: Assets/UNSORTED/ithappy/Cartoon_City_Free/Textures/Tiles_2_Normal.png
  artifactKey: Guid(08096947c6d51ad4a82287e509bf4f2d) Importer(2089858483,b0f066a214c2f5e87bad3c948f4d605d)
Start importing Assets/UNSORTED/ithappy/Cartoon_City_Free/Textures/Tiles_2_Normal.png using Guid(08096947c6d51ad4a82287e509bf4f2d) Importer(2089858483,b0f066a214c2f5e87bad3c948f4d605d) (ScriptedImporter) -> (artifact id: '21e16b4da6fd811240543e85ee8de698') in 0.003708458 seconds
Number of updated asset objects reloaded before import = 0Number of asset objects unloaded after import = 1

========================================================================
Received Import Request.
  Time since last request: 0.000035 seconds.
  path: Assets/UNSORTED/ithappy/Cartoon_City_Free/Meshes/Roads/road_003.fbx
  artifactKey: Guid(3aad0c1cc80e75047bdd934679bc959e) Importer(2089858483,b0f066a214c2f5e87bad3c948f4d605d)
Start importing Assets/UNSORTED/ithappy/Cartoon_City_Free/Meshes/Roads/road_003.fbx using Guid(3aad0c1cc80e75047bdd934679bc959e) Importer(2089858483,b0f066a214c2f5e87bad3c948f4d605d) (ScriptedImporter) -> (artifact id: '010469134713c2ab2494548e3880a2f6') in 0.003661209 seconds
Number of updated asset objects reloaded before import = 0Number of asset objects unloaded after import = 9

========================================================================
Received Import Request.
  Time since last request: 0.033151 seconds.
  path: Assets/UNSORTED/ithappy/Cartoon_City_Free/Render_Pipeline_Convert/Render_Pipeline_Instructions_Unity_6.txt
  artifactKey: Guid(363ea15d8df235146a3477160113348f) Importer(2089858483,b0f066a214c2f5e87bad3c948f4d605d)
Start importing Assets/UNSORTED/ithappy/Cartoon_City_Free/Render_Pipeline_Convert/Render_Pipeline_Instructions_Unity_6.txt using Guid(363ea15d8df235146a3477160113348f) Importer(2089858483,b0f066a214c2f5e87bad3c948f4d605d) (ScriptedImporter) -> (artifact id: '5f4cc6935b932b3b5dee1c9c24303e7c') in 0.00129475 seconds
Number of updated asset objects reloaded before import = 0Number of asset objects unloaded after import = 1

========================================================================
Received Import Request.
  Time since last request: 0.000071 seconds.
  path: Assets/UNSORTED/ithappy/Cartoon_City_Free/Meshes/Cars/Car_06_Wheel_Rear_Left.fbx
  artifactKey: Guid(5937802f0233fe84fa15a6f152e9ba78) Importer(2089858483,b0f066a214c2f5e87bad3c948f4d605d)
Start importing Assets/UNSORTED/ithappy/Cartoon_City_Free/Meshes/Cars/Car_06_Wheel_Rear_Left.fbx using Guid(5937802f0233fe84fa15a6f152e9ba78) Importer(2089858483,b0f066a214c2f5e87bad3c948f4d605d) (ScriptedImporter) -> (artifact id: '551ff7e5f144833493b7279895fbd17c') in 0.002870292 seconds
Number of updated asset objects reloaded before import = 0Number of asset objects unloaded after import = 8

========================================================================
Received Import Request.
  Time since last request: 0.000042 seconds.
  path: Assets/UNSORTED/ithappy/Cartoon_City_Free/Textures/Tiles_2.png
  artifactKey: Guid(7e857a5e9cf8a4d4a98d17955f481214) Importer(2089858483,b0f066a214c2f5e87bad3c948f4d605d)
Start importing Assets/UNSORTED/ithappy/Cartoon_City_Free/Textures/Tiles_2.png using Guid(7e857a5e9cf8a4d4a98d17955f481214) Importer(2089858483,b0f066a214c2f5e87bad3c948f4d605d) (ScriptedImporter) -> (artifact id: '0af9d64be766627039395e7b1747e223') in 0.004507791 seconds
Number of updated asset objects reloaded before import = 0Number of asset objects unloaded after import = 1

========================================================================
Received Import Request.
  Time since last request: 0.000181 seconds.
  path: Assets/UNSORTED/ithappy/Cartoon_City_Free/Prefabs/Billboards/Billboard_2x1_03.prefab
  artifactKey: Guid(5b33015f1a8aa7b468b608bdb23af553) Importer(2089858483,b0f066a214c2f5e87bad3c948f4d605d)
Start importing Assets/UNSORTED/ithappy/Cartoon_City_Free/Prefabs/Billboards/Billboard_2x1_03.prefab using Guid(5b33015f1a8aa7b468b608bdb23af553) Importer(2089858483,b0f066a214c2f5e87bad3c948f4d605d) (ScriptedImporter) -> (artifact id: '64b4ee1e918bbbf6bd471d8415fd063a') in 0.004891417 seconds
Number of updated asset objects reloaded before import = 0Number of asset objects unloaded after import = 16

========================================================================
Received Import Request.
  Time since last request: 0.000031 seconds.
  path: Assets/UNSORTED/ithappy/Cartoon_City_Free/Prefabs/Buildings/Eco_Building_Terrace.prefab
  artifactKey: Guid(0cd0e09ea28be304eae00f533b94ffd9) Importer(2089858483,b0f066a214c2f5e87bad3c948f4d605d)
Start importing Assets/UNSORTED/ithappy/Cartoon_City_Free/Prefabs/Buildings/Eco_Building_Terrace.prefab using Guid(0cd0e09ea28be304eae00f533b94ffd9) Importer(2089858483,b0f066a214c2f5e87bad3c948f4d605d) (ScriptedImporter) -> (artifact id: 'ca58c35568c3a8d406530c035c70b7d9') in 0.002829542 seconds
Number of updated asset objects reloaded before import = 0Number of asset objects unloaded after import = 16

========================================================================
Received Import Request.
  Time since last request: 0.000029 seconds.
  path: Assets/UNSORTED/ithappy/Cartoon_City_Free/Meshes/Cars/Car_06_Wheel_Front_Right.fbx
  artifactKey: Guid(0162446ed73e9a84cbca9aa447704c61) Importer(2089858483,b0f066a214c2f5e87bad3c948f4d605d)
Start importing Assets/UNSORTED/ithappy/Cartoon_City_Free/Meshes/Cars/Car_06_Wheel_Front_Right.fbx using Guid(0162446ed73e9a84cbca9aa447704c61) Importer(2089858483,b0f066a214c2f5e87bad3c948f4d605d) (ScriptedImporter) -> (artifact id: '54b8979889b3b1f9f667c364f6ffc909') in 0.002952709 seconds
Number of updated asset objects reloaded before import = 0Number of asset objects unloaded after import = 8

========================================================================
Received Import Request.
  Time since last request: 0.000051 seconds.
  path: Assets/UNSORTED/ithappy/Cartoon_City_Free/Meshes/Cars/Van_Wheel_Rear_Right.fbx
  artifactKey: Guid(30cb54cef0406394ab6f3febb7068497) Importer(2089858483,b0f066a214c2f5e87bad3c948f4d605d)
Start importing Assets/UNSORTED/ithappy/Cartoon_City_Free/Meshes/Cars/Van_Wheel_Rear_Right.fbx using Guid(30cb54cef0406394ab6f3febb7068497) Importer(2089858483,b0f066a214c2f5e87bad3c948f4d605d) (ScriptedImporter) -> (artifact id: 'f5e16a99ef79b0ac0bc74e2ba7a5862b') in 0.003015875 seconds
Number of updated asset objects reloaded before import = 0Number of asset objects unloaded after import = 9

========================================================================
Received Import Request.
  Time since last request: 0.000089 seconds.
  path: Assets/UNSORTED/ithappy/Cartoon_City_Free/Prefabs/Props/Trash_Can_07.prefab
  artifactKey: Guid(38549d7ea704f2240a0ad91ff968bf1d) Importer(2089858483,b0f066a214c2f5e87bad3c948f4d605d)
Start importing Assets/UNSORTED/ithappy/Cartoon_City_Free/Prefabs/Props/Trash_Can_07.prefab using Guid(38549d7ea704f2240a0ad91ff968bf1d) Importer(2089858483,b0f066a214c2f5e87bad3c948f4d605d) (ScriptedImporter) -> (artifact id: '415b77a37dce00bedaf9f602859ac15c') in 0.002570083 seconds
Number of updated asset objects reloaded before import = 0Number of asset objects unloaded after import = 15

========================================================================
Received Prepare
WARNING: Shader Unsupported: 'Universal Render Pipeline/VR/SpatialMapping/Wireframe' - All subshaders removed
WARNING: Shader Did you use #pragma only_renderers and omit this platform?
WARNING: Shader If subshaders removal was intentional, you may have forgotten turning Fallback off?
WARNING: Shader Unsupported: 'Universal Render Pipeline/VR/SpatialMapping/Wireframe' - All subshaders removed
WARNING: Shader Did you use #pragma only_renderers and omit this platform?
WARNING: Shader If subshaders removal was intentional, you may have forgotten turning Fallback off?
Refreshing native plugins compatible for Editor in 0.27 ms, found 1 plugins.
Preloading 0 native plugins for Editor in 0.00 ms.
Unloading 29 Unused Serialized files (Serialized files now loaded: 0)
Unloading 6329 unused Assets / (3.9 MB). Loaded Objects now: 7182.
Memory consumption went from 159.2 MB to 155.3 MB.
Total: 16.739250 ms (FindLiveObjects: 0.544875 ms CreateObjectMapping: 0.118625 ms MarkObjects: 14.956500 ms  DeleteObjects: 1.119000 ms)

Prepare: number of updated asset objects reloaded= 0
========================================================================
Received Import Request.
  Time since last request: 4.368691 seconds.
  path: Assets/UNSORTED/Pack_Pickup/Scripts
  artifactKey: Guid(3f0298842157faa419fe381ca5276234) Importer(2089858483,b0f066a214c2f5e87bad3c948f4d605d)
Start importing Assets/UNSORTED/Pack_Pickup/Scripts using Guid(3f0298842157faa419fe381ca5276234) Importer(2089858483,b0f066a214c2f5e87bad3c948f4d605d) (ScriptedImporter) -> (artifact id: '81ab151aa89d6e76f2b6161c4e292545') in 0.002391417 seconds
Number of updated asset objects reloaded before import = 0Number of asset objects unloaded after import = 1

========================================================================
Received Import Request.
  Time since last request: 0.005592 seconds.
  path: Assets/UNSORTED/Pack_Pickup/Materials/pickupBody.mat
  artifactKey: Guid(e5c7b9335481d434d9d25b627714f56d) Importer(2089858483,b0f066a214c2f5e87bad3c948f4d605d)
Start importing Assets/UNSORTED/Pack_Pickup/Materials/pickupBody.mat using Guid(e5c7b9335481d434d9d25b627714f56d) Importer(2089858483,b0f066a214c2f5e87bad3c948f4d605d) (ScriptedImporter) -> (artifact id: 'f3bace186aaf852f1011aeb3b6e80e03') in 0.004098583 seconds
Number of updated asset objects reloaded before import = 0Number of asset objects unloaded after import = 1

========================================================================
Received Import Request.
  Time since last request: 0.000032 seconds.
  path: Assets/UNSORTED/Pack_Pickup/Materials/Light.mat
  artifactKey: Guid(1dbbdf711a5ed2c4785c671b7b9e90b2) Importer(2089858483,b0f066a214c2f5e87bad3c948f4d605d)
Start importing Assets/UNSORTED/Pack_Pickup/Materials/Light.mat using Guid(1dbbdf711a5ed2c4785c671b7b9e90b2) Importer(2089858483,b0f066a214c2f5e87bad3c948f4d605d) (ScriptedImporter) -> (artifact id: 'b2ee1e3f57474831a474cb4e9f6ee128') in 0.001723041 seconds
Number of updated asset objects reloaded before import = 0Number of asset objects unloaded after import = 1

========================================================================
Received Import Request.
  Time since last request: 0.000059 seconds.
  path: Assets/UNSORTED/Pack_Pickup/PickupScene.unity
  artifactKey: Guid(33a833ebdee929048a07729f4b3faa64) Importer(2089858483,b0f066a214c2f5e87bad3c948f4d605d)
Start importing Assets/UNSORTED/Pack_Pickup/PickupScene.unity using Guid(33a833ebdee929048a07729f4b3faa64) Importer(2089858483,b0f066a214c2f5e87bad3c948f4d605d) (ScriptedImporter) -> (artifact id: '47a1c8a869e8184a4585614d71d6e64a') in 0.001341417 seconds
Number of updated asset objects reloaded before import = 0Number of asset objects unloaded after import = 1

========================================================================
Received Import Request.
  Time since last request: 0.000038 seconds.
  path: Assets/UNSORTED/Pack_Pickup/Prefabs
  artifactKey: Guid(c30feeebfea810048a704b4bbfe5b671) Importer(2089858483,b0f066a214c2f5e87bad3c948f4d605d)
Start importing Assets/UNSORTED/Pack_Pickup/Prefabs using Guid(c30feeebfea810048a704b4bbfe5b671) Importer(2089858483,b0f066a214c2f5e87bad3c948f4d605d) (ScriptedImporter) -> (artifact id: 'ca84db7566b3690f0f6f643290778824') in 0.001157291 seconds
Number of updated asset objects reloaded before import = 0Number of asset objects unloaded after import = 1

========================================================================
Received Prepare
Begin MonoManager ReloadAssembly
Thread 0x170d07000 may have been prematurely finalized
- Loaded All Assemblies, in  0.529 seconds
Refreshing native plugins compatible for Editor in 0.18 ms, found 1 plugins.
Native extension for OSXStandalone target not found
[Package Manager] Failed to launch server process. Reason: Unity was launched with the -noUpm command-line argument
[Package Manager] Unable to send message (not connected to server process).
[Package Manager] Cannot connect to Unity Package Manager local server
System.Exception: Error! Visual Scripting: couldn't find visual scripting package
  at Unity.VisualScripting.PackageVersionUtility.get_version () [0x00043] in ./Library/PackageCache/com.unity.visualscripting@191c0d7e3b69/Editor/VisualScripting.Core/Utilities/PackageVersionUtility.cs:31 
  at Unity.VisualScripting.BoltCoreManifest.get_version () [0x00000] in ./Library/PackageCache/com.unity.visualscripting@191c0d7e3b69/Editor/VisualScripting.Core/Plugin/BoltCoreManifest.cs:11 
  at Unity.VisualScripting.PluginManifest.get_currentVersion () [0x00000] in ./Library/PackageCache/com.unity.visualscripting@191c0d7e3b69/Editor/VisualScripting.Core/Plugins/PluginManifest.cs:33 
  at Unity.VisualScripting.PluginManifest.get_versionMismatch () [0x00000] in ./Library/PackageCache/com.unity.visualscripting@191c0d7e3b69/Editor/VisualScripting.Core/Plugins/PluginManifest.cs:48 
  at Unity.VisualScripting.PluginContainer.Initialize () [0x00525] in ./Library/PackageCache/com.unity.visualscripting@191c0d7e3b69/Editor/VisualScripting.Core/Plugins/PluginContainer.cs:208 
  at Unity.VisualScripting.PluginContainer.InitializeOnLoad () [0x00009] in ./Library/PackageCache/com.unity.visualscripting@191c0d7e3b69/Editor/VisualScripting.Core/Plugins/PluginContainer.cs:32 
  at Unity.VisualScripting.VSUsageUtility.DoInitializeOnLoadCalls () [0x00034] in ./Library/PackageCache/com.unity.visualscripting@191c0d7e3b69/Editor/VisualScripting.Core/Utilities/VSUsageUtility.cs:76 
  at Unity.VisualScripting.VSUsageUtility.set_isVisualScriptingUsed (System.Boolean value) [0x0002c] in ./Library/PackageCache/com.unity.visualscripting@191c0d7e3b69/Editor/VisualScripting.Core/Utilities/VSUsageUtility.cs:114 
  at Unity.VisualScripting.VSUsageUtility.CheckAndSetIsVisualScriptingUsed () [0x0000d] in ./Library/PackageCache/com.unity.visualscripting@191c0d7e3b69/Editor/VisualScripting.Core/Utilities/VSUsageUtility.cs:33 
  at Unity.VisualScripting.VSUsageUtility..cctor () [0x00000] in ./Library/PackageCache/com.unity.visualscripting@191c0d7e3b69/Editor/VisualScripting.Core/Utilities/VSUsageUtility.cs:22 
UnityEngine.Debug:ExtractStackTraceNoAlloc (byte*,int,string)
UnityEngine.StackTraceUtility:ExtractStackTrace () (at /Users/bokken/build/output/unity/unity/Runtime/Export/Scripting/StackTrace.cs:35)
UnityEngine.DebugLogHandler:Internal_Log (UnityEngine.LogType,UnityEngine.LogOption,string,UnityEngine.Object)
UnityEngine.DebugLogHandler:LogFormat (UnityEngine.LogType,UnityEngine.Object,string,object[])
UnityEngine.Logger:Log (UnityEngine.LogType,object)
UnityEngine.Debug:LogError (object)
UnityEditor.EditorAssemblies:ProcessInitializeOnLoadAttributes (System.Type[]) (at /Users/bokken/build/output/unity/unity/Editor/Mono/EditorAssemblies.cs:132)

(Filename: /Users/bokken/build/output/unity/unity/Editor/Mono/EditorAssemblies.cs Line: 132)

ScheduleIndexationOnStartup MainProcess:False IndexOnStartup:True
Mono: successfully reloaded assembly
- Finished resetting the current domain, in  0.676 seconds
Domain Reload Profiling: 1207ms
	BeginReloadAssembly (185ms)
		ExecutionOrderSort (0ms)
		DisableScriptedObjects (14ms)
		BackupInstance (0ms)
		ReleaseScriptingObjects (0ms)
		CreateAndSetChildDomain (59ms)
	RebuildCommonClasses (17ms)
	RebuildNativeTypeToScriptingClass (7ms)
	initialDomainReloadingComplete (13ms)
	LoadAllAssembliesAndSetupDomain (309ms)
		LoadAssemblies (248ms)
		RebuildTransferFunctionScriptingTraits (0ms)
		AnalyzeDomain (99ms)
			TypeCache.Refresh (13ms)
				TypeCache.ScanAssembly (1ms)
			BuildScriptInfoCaches (80ms)
			ResolveRequiredComponents (4ms)
	FinalizeReload (676ms)
		ReleaseScriptCaches (0ms)
		RebuildScriptCaches (0ms)
		SetupLoadedEditorAssemblies (461ms)
			LogAssemblyErrors (0ms)
			InitializePlatformSupportModulesInManaged (1ms)
			SetLoadedEditorAssemblies (1ms)
			BeforeProcessingInitializeOnLoad (93ms)
			ProcessInitializeOnLoadAttributes (332ms)
			ProcessInitializeOnLoadMethodAttributes (32ms)
			AfterProcessingInitializeOnLoad (1ms)
			EditorAssembliesLoaded (0ms)
		ExecutionOrderSort2 (0ms)
		AwakeInstancesAfterBackupRestoration (6ms)
WARNING: Shader Unsupported: 'Universal Render Pipeline/VR/SpatialMapping/Wireframe' - All subshaders removed
WARNING: Shader Did you use #pragma only_renderers and omit this platform?
WARNING: Shader If subshaders removal was intentional, you may have forgotten turning Fallback off?
WARNING: Shader Unsupported: 'Universal Render Pipeline/VR/SpatialMapping/Wireframe' - All subshaders removed
WARNING: Shader Did you use #pragma only_renderers and omit this platform?
WARNING: Shader If subshaders removal was intentional, you may have forgotten turning Fallback off?
Refreshing native plugins compatible for Editor in 0.23 ms, found 1 plugins.
Preloading 0 native plugins for Editor in 0.00 ms.
Unloading 29 Unused Serialized files (Serialized files now loaded: 0)
Unloading 6335 unused Assets / (4.5 MB). Loaded Objects now: 7198.
Memory consumption went from 172.2 MB to 167.7 MB.
Total: 10.641625 ms (FindLiveObjects: 0.298166 ms CreateObjectMapping: 0.154625 ms MarkObjects: 9.075625 ms  DeleteObjects: 1.112959 ms)

Prepare: number of updated asset objects reloaded= 0
========================================================================
Received Prepare
WARNING: Shader Unsupported: 'Universal Render Pipeline/VR/SpatialMapping/Wireframe' - All subshaders removed
WARNING: Shader Did you use #pragma only_renderers and omit this platform?
WARNING: Shader If subshaders removal was intentional, you may have forgotten turning Fallback off?
WARNING: Shader Unsupported: 'Universal Render Pipeline/VR/SpatialMapping/Wireframe' - All subshaders removed
WARNING: Shader Did you use #pragma only_renderers and omit this platform?
WARNING: Shader If subshaders removal was intentional, you may have forgotten turning Fallback off?
Refreshing native plugins compatible for Editor in 0.27 ms, found 1 plugins.
Preloading 0 native plugins for Editor in 0.00 ms.
Unloading 29 Unused Serialized files (Serialized files now loaded: 0)
Unloading 6328 unused Assets / (4.2 MB). Loaded Objects now: 7198.
Memory consumption went from 159.8 MB to 155.6 MB.
Total: 10.465459 ms (FindLiveObjects: 0.232792 ms CreateObjectMapping: 0.099666 ms MarkObjects: 9.285000 ms  DeleteObjects: 0.847792 ms)

Prepare: number of updated asset objects reloaded= 0
========================================================================
Received Prepare
Begin MonoManager ReloadAssembly
Thread 0x16bceb000 may have been prematurely finalized
- Loaded All Assemblies, in  0.412 seconds
Refreshing native plugins compatible for Editor in 0.18 ms, found 1 plugins.
Native extension for OSXStandalone target not found
[Package Manager] Failed to launch server process. Reason: Unity was launched with the -noUpm command-line argument
[Package Manager] Unable to send message (not connected to server process).
[Package Manager] Cannot connect to Unity Package Manager local server
System.Exception: Error! Visual Scripting: couldn't find visual scripting package
  at Unity.VisualScripting.PackageVersionUtility.get_version () [0x00043] in ./Library/PackageCache/com.unity.visualscripting@191c0d7e3b69/Editor/VisualScripting.Core/Utilities/PackageVersionUtility.cs:31 
  at Unity.VisualScripting.BoltCoreManifest.get_version () [0x00000] in ./Library/PackageCache/com.unity.visualscripting@191c0d7e3b69/Editor/VisualScripting.Core/Plugin/BoltCoreManifest.cs:11 
  at Unity.VisualScripting.PluginManifest.get_currentVersion () [0x00000] in ./Library/PackageCache/com.unity.visualscripting@191c0d7e3b69/Editor/VisualScripting.Core/Plugins/PluginManifest.cs:33 
  at Unity.VisualScripting.PluginManifest.get_versionMismatch () [0x00000] in ./Library/PackageCache/com.unity.visualscripting@191c0d7e3b69/Editor/VisualScripting.Core/Plugins/PluginManifest.cs:48 
  at Unity.VisualScripting.PluginContainer.Initialize () [0x00525] in ./Library/PackageCache/com.unity.visualscripting@191c0d7e3b69/Editor/VisualScripting.Core/Plugins/PluginContainer.cs:208 
  at Unity.VisualScripting.PluginContainer.InitializeOnLoad () [0x00009] in ./Library/PackageCache/com.unity.visualscripting@191c0d7e3b69/Editor/VisualScripting.Core/Plugins/PluginContainer.cs:32 
  at Unity.VisualScripting.VSUsageUtility.DoInitializeOnLoadCalls () [0x00034] in ./Library/PackageCache/com.unity.visualscripting@191c0d7e3b69/Editor/VisualScripting.Core/Utilities/VSUsageUtility.cs:76 
  at Unity.VisualScripting.VSUsageUtility.set_isVisualScriptingUsed (System.Boolean value) [0x0002c] in ./Library/PackageCache/com.unity.visualscripting@191c0d7e3b69/Editor/VisualScripting.Core/Utilities/VSUsageUtility.cs:114 
  at Unity.VisualScripting.VSUsageUtility.CheckAndSetIsVisualScriptingUsed () [0x0000d] in ./Library/PackageCache/com.unity.visualscripting@191c0d7e3b69/Editor/VisualScripting.Core/Utilities/VSUsageUtility.cs:33 
  at Unity.VisualScripting.VSUsageUtility..cctor () [0x00000] in ./Library/PackageCache/com.unity.visualscripting@191c0d7e3b69/Editor/VisualScripting.Core/Utilities/VSUsageUtility.cs:22 
UnityEngine.Debug:ExtractStackTraceNoAlloc (byte*,int,string)
UnityEngine.StackTraceUtility:ExtractStackTrace () (at /Users/bokken/build/output/unity/unity/Runtime/Export/Scripting/StackTrace.cs:35)
UnityEngine.DebugLogHandler:Internal_Log (UnityEngine.LogType,UnityEngine.LogOption,string,UnityEngine.Object)
UnityEngine.DebugLogHandler:LogFormat (UnityEngine.LogType,UnityEngine.Object,string,object[])
UnityEngine.Logger:Log (UnityEngine.LogType,object)
UnityEngine.Debug:LogError (object)
UnityEditor.EditorAssemblies:ProcessInitializeOnLoadAttributes (System.Type[]) (at /Users/bokken/build/output/unity/unity/Editor/Mono/EditorAssemblies.cs:132)

(Filename: /Users/bokken/build/output/unity/unity/Editor/Mono/EditorAssemblies.cs Line: 132)

ScheduleIndexationOnStartup MainProcess:False IndexOnStartup:True
Mono: successfully reloaded assembly
- Finished resetting the current domain, in  0.721 seconds
Domain Reload Profiling: 1135ms
	BeginReloadAssembly (118ms)
		ExecutionOrderSort (0ms)
		DisableScriptedObjects (3ms)
		BackupInstance (0ms)
		ReleaseScriptingObjects (0ms)
		CreateAndSetChildDomain (40ms)
	RebuildCommonClasses (22ms)
	RebuildNativeTypeToScriptingClass (7ms)
	initialDomainReloadingComplete (13ms)
	LoadAllAssembliesAndSetupDomain (253ms)
		LoadAssemblies (195ms)
		RebuildTransferFunctionScriptingTraits (0ms)
		AnalyzeDomain (96ms)
			TypeCache.Refresh (11ms)
				TypeCache.ScanAssembly (1ms)
			BuildScriptInfoCaches (77ms)
			ResolveRequiredComponents (5ms)
	FinalizeReload (721ms)
		ReleaseScriptCaches (0ms)
		RebuildScriptCaches (0ms)
		SetupLoadedEditorAssemblies (505ms)
			LogAssemblyErrors (0ms)
			InitializePlatformSupportModulesInManaged (1ms)
			SetLoadedEditorAssemblies (1ms)
			BeforeProcessingInitializeOnLoad (91ms)
			ProcessInitializeOnLoadAttributes (379ms)
			ProcessInitializeOnLoadMethodAttributes (33ms)
			AfterProcessingInitializeOnLoad (1ms)
			EditorAssembliesLoaded (0ms)
		ExecutionOrderSort2 (0ms)
		AwakeInstancesAfterBackupRestoration (10ms)
WARNING: Shader Unsupported: 'Universal Render Pipeline/VR/SpatialMapping/Wireframe' - All subshaders removed
WARNING: Shader Did you use #pragma only_renderers and omit this platform?
WARNING: Shader If subshaders removal was intentional, you may have forgotten turning Fallback off?
WARNING: Shader Unsupported: 'Universal Render Pipeline/VR/SpatialMapping/Wireframe' - All subshaders removed
WARNING: Shader Did you use #pragma only_renderers and omit this platform?
WARNING: Shader If subshaders removal was intentional, you may have forgotten turning Fallback off?
Refreshing native plugins compatible for Editor in 0.28 ms, found 1 plugins.
Preloading 0 native plugins for Editor in 0.00 ms.
Unloading 29 Unused Serialized files (Serialized files now loaded: 0)
Unloading 6334 unused Assets / (4.3 MB). Loaded Objects now: 7202.
Memory consumption went from 167.1 MB to 162.9 MB.
Total: 14.907291 ms (FindLiveObjects: 0.283791 ms CreateObjectMapping: 0.112709 ms MarkObjects: 13.470416 ms  DeleteObjects: 1.040208 ms)

Prepare: number of updated asset objects reloaded= 0
========================================================================
Received Prepare
Begin MonoManager ReloadAssembly
[Licensing::Client] Successfully resolved entitlement details
Thread 0x16bceb000 may have been prematurely finalized
- Loaded All Assemblies, in  0.386 seconds
Refreshing native plugins compatible for Editor in 0.21 ms, found 1 plugins.
Native extension for OSXStandalone target not found
[Package Manager] Failed to launch server process. Reason: Unity was launched with the -noUpm command-line argument
[Package Manager] Unable to send message (not connected to server process).
[Package Manager] Cannot connect to Unity Package Manager local server
System.Exception: Error! Visual Scripting: couldn't find visual scripting package
  at Unity.VisualScripting.PackageVersionUtility.get_version () [0x00043] in ./Library/PackageCache/com.unity.visualscripting@191c0d7e3b69/Editor/VisualScripting.Core/Utilities/PackageVersionUtility.cs:31 
  at Unity.VisualScripting.BoltCoreManifest.get_version () [0x00000] in ./Library/PackageCache/com.unity.visualscripting@191c0d7e3b69/Editor/VisualScripting.Core/Plugin/BoltCoreManifest.cs:11 
  at Unity.VisualScripting.PluginManifest.get_currentVersion () [0x00000] in ./Library/PackageCache/com.unity.visualscripting@191c0d7e3b69/Editor/VisualScripting.Core/Plugins/PluginManifest.cs:33 
  at Unity.VisualScripting.PluginManifest.get_versionMismatch () [0x00000] in ./Library/PackageCache/com.unity.visualscripting@191c0d7e3b69/Editor/VisualScripting.Core/Plugins/PluginManifest.cs:48 
  at Unity.VisualScripting.PluginContainer.Initialize () [0x00525] in ./Library/PackageCache/com.unity.visualscripting@191c0d7e3b69/Editor/VisualScripting.Core/Plugins/PluginContainer.cs:208 
  at Unity.VisualScripting.PluginContainer.InitializeOnLoad () [0x00009] in ./Library/PackageCache/com.unity.visualscripting@191c0d7e3b69/Editor/VisualScripting.Core/Plugins/PluginContainer.cs:32 
  at Unity.VisualScripting.VSUsageUtility.DoInitializeOnLoadCalls () [0x00034] in ./Library/PackageCache/com.unity.visualscripting@191c0d7e3b69/Editor/VisualScripting.Core/Utilities/VSUsageUtility.cs:76 
  at Unity.VisualScripting.VSUsageUtility.set_isVisualScriptingUsed (System.Boolean value) [0x0002c] in ./Library/PackageCache/com.unity.visualscripting@191c0d7e3b69/Editor/VisualScripting.Core/Utilities/VSUsageUtility.cs:114 
  at Unity.VisualScripting.VSUsageUtility.CheckAndSetIsVisualScriptingUsed () [0x0000d] in ./Library/PackageCache/com.unity.visualscripting@191c0d7e3b69/Editor/VisualScripting.Core/Utilities/VSUsageUtility.cs:33 
  at Unity.VisualScripting.VSUsageUtility..cctor () [0x00000] in ./Library/PackageCache/com.unity.visualscripting@191c0d7e3b69/Editor/VisualScripting.Core/Utilities/VSUsageUtility.cs:22 
UnityEngine.Debug:ExtractStackTraceNoAlloc (byte*,int,string)
UnityEngine.StackTraceUtility:ExtractStackTrace () (at /Users/bokken/build/output/unity/unity/Runtime/Export/Scripting/StackTrace.cs:35)
UnityEngine.DebugLogHandler:Internal_Log (UnityEngine.LogType,UnityEngine.LogOption,string,UnityEngine.Object)
UnityEngine.DebugLogHandler:LogFormat (UnityEngine.LogType,UnityEngine.Object,string,object[])
UnityEngine.Logger:Log (UnityEngine.LogType,object)
UnityEngine.Debug:LogError (object)
UnityEditor.EditorAssemblies:ProcessInitializeOnLoadAttributes (System.Type[]) (at /Users/bokken/build/output/unity/unity/Editor/Mono/EditorAssemblies.cs:132)

(Filename: /Users/bokken/build/output/unity/unity/Editor/Mono/EditorAssemblies.cs Line: 132)

ScheduleIndexationOnStartup MainProcess:False IndexOnStartup:True
Mono: successfully reloaded assembly
- Finished resetting the current domain, in  0.520 seconds
Domain Reload Profiling: 907ms
	BeginReloadAssembly (139ms)
		ExecutionOrderSort (0ms)
		DisableScriptedObjects (5ms)
		BackupInstance (0ms)
		ReleaseScriptingObjects (0ms)
		CreateAndSetChildDomain (45ms)
	RebuildCommonClasses (16ms)
	RebuildNativeTypeToScriptingClass (6ms)
	initialDomainReloadingComplete (20ms)
	LoadAllAssembliesAndSetupDomain (205ms)
		LoadAssemblies (162ms)
		RebuildTransferFunctionScriptingTraits (0ms)
		AnalyzeDomain (81ms)
			TypeCache.Refresh (6ms)
				TypeCache.ScanAssembly (0ms)
			BuildScriptInfoCaches (69ms)
			ResolveRequiredComponents (4ms)
	FinalizeReload (520ms)
		ReleaseScriptCaches (0ms)
		RebuildScriptCaches (0ms)
		SetupLoadedEditorAssemblies (328ms)
			LogAssemblyErrors (0ms)
			InitializePlatformSupportModulesInManaged (1ms)
			SetLoadedEditorAssemblies (2ms)
			BeforeProcessingInitializeOnLoad (69ms)
			ProcessInitializeOnLoadAttributes (230ms)
			ProcessInitializeOnLoadMethodAttributes (26ms)
			AfterProcessingInitializeOnLoad (1ms)
			EditorAssembliesLoaded (0ms)
		ExecutionOrderSort2 (0ms)
		AwakeInstancesAfterBackupRestoration (7ms)
WARNING: Shader Unsupported: 'Universal Render Pipeline/VR/SpatialMapping/Wireframe' - All subshaders removed
WARNING: Shader Did you use #pragma only_renderers and omit this platform?
WARNING: Shader If subshaders removal was intentional, you may have forgotten turning Fallback off?
WARNING: Shader Unsupported: 'Universal Render Pipeline/VR/SpatialMapping/Wireframe' - All subshaders removed
WARNING: Shader Did you use #pragma only_renderers and omit this platform?
WARNING: Shader If subshaders removal was intentional, you may have forgotten turning Fallback off?
Refreshing native plugins compatible for Editor in 0.26 ms, found 1 plugins.
Preloading 0 native plugins for Editor in 0.00 ms.
Unloading 29 Unused Serialized files (Serialized files now loaded: 0)
Unloading 6334 unused Assets / (5.2 MB). Loaded Objects now: 7206.
Memory consumption went from 166.6 MB to 161.4 MB.
Total: 11.001917 ms (FindLiveObjects: 0.274375 ms CreateObjectMapping: 0.111083 ms MarkObjects: 9.160000 ms  DeleteObjects: 1.455792 ms)

Prepare: number of updated asset objects reloaded= 0
